Archive member included to satisfy reference by file (symbol)

/opt/build/armbin/bin/../lib/gcc/arm-none-eabi/9.2.1/../../../../arm-none-eabi/lib/thumb/v7e-m+fp/hard/libstdc++_nano.a(atexit_arm.o)
                              CMakeFiles/baseband_shared.dir/rssi_dma.cpp.obj (__aeabi_atexit)
/opt/build/armbin/bin/../lib/gcc/arm-none-eabi/9.2.1/../../../../arm-none-eabi/lib/thumb/v7e-m+fp/hard/libstdc++_nano.a(functexcept.o)
                              CMakeFiles/baseband_shared.dir/__/common/utility.cpp.obj (std::__throw_length_error(char const*))
/opt/build/armbin/bin/../lib/gcc/arm-none-eabi/9.2.1/../../../../arm-none-eabi/lib/thumb/v7e-m+fp/hard/libstdc++_nano.a(snprintf_lite.o)
                              /opt/build/armbin/bin/../lib/gcc/arm-none-eabi/9.2.1/../../../../arm-none-eabi/lib/thumb/v7e-m+fp/hard/libstdc++_nano.a(functexcept.o) (__gnu_cxx::__snprintf_lite(char*, unsigned int, char const*, std::__va_list))
/opt/build/armbin/bin/../lib/gcc/arm-none-eabi/9.2.1/../../../../arm-none-eabi/lib/thumb/v7e-m+fp/hard/libstdc++_nano.a(string-inst.o)
                              CMakeFiles/baseband_shared.dir/__/common/utility.cpp.obj (std::__cxx11::basic_string<char, std::char_traits<char>, std::allocator<char> >::_M_mutate(unsigned int, unsigned int, char const*, unsigned int))
/opt/build/armbin/bin/../lib/gcc/arm-none-eabi/9.2.1/../../../../arm-none-eabi/lib/thumb/v7e-m+fp/hard/libm.a(lib_a-sf_floor.o)
                              CMakeFiles/baseband_shared.dir/dsp_goertzel.cpp.obj (floorf)
/opt/build/armbin/bin/../lib/gcc/arm-none-eabi/9.2.1/../../../../arm-none-eabi/lib/thumb/v7e-m+fp/hard/libm.a(lib_a-wf_atan2.o)
                              CMakeFiles/baseband_shared.dir/dsp_demodulate.cpp.obj (atan2f)
/opt/build/armbin/bin/../lib/gcc/arm-none-eabi/9.2.1/../../../../arm-none-eabi/lib/thumb/v7e-m+fp/hard/libm.a(lib_a-wf_log10.o)
                              CMakeFiles/baseband_shared.dir/__/common/utility.cpp.obj (log10f)
/opt/build/armbin/bin/../lib/gcc/arm-none-eabi/9.2.1/../../../../arm-none-eabi/lib/thumb/v7e-m+fp/hard/libm.a(lib_a-ef_atan2.o)
                              /opt/build/armbin/bin/../lib/gcc/arm-none-eabi/9.2.1/../../../../arm-none-eabi/lib/thumb/v7e-m+fp/hard/libm.a(lib_a-wf_atan2.o) (__ieee754_atan2f)
/opt/build/armbin/bin/../lib/gcc/arm-none-eabi/9.2.1/../../../../arm-none-eabi/lib/thumb/v7e-m+fp/hard/libm.a(lib_a-ef_log10.o)
                              /opt/build/armbin/bin/../lib/gcc/arm-none-eabi/9.2.1/../../../../arm-none-eabi/lib/thumb/v7e-m+fp/hard/libm.a(lib_a-wf_log10.o) (__ieee754_log10f)
/opt/build/armbin/bin/../lib/gcc/arm-none-eabi/9.2.1/../../../../arm-none-eabi/lib/thumb/v7e-m+fp/hard/libm.a(lib_a-s_lib_ver.o)
                              /opt/build/armbin/bin/../lib/gcc/arm-none-eabi/9.2.1/../../../../arm-none-eabi/lib/thumb/v7e-m+fp/hard/libm.a(lib_a-wf_log10.o) (__fdlib_version)
/opt/build/armbin/bin/../lib/gcc/arm-none-eabi/9.2.1/../../../../arm-none-eabi/lib/thumb/v7e-m+fp/hard/libm.a(lib_a-s_matherr.o)
                              /opt/build/armbin/bin/../lib/gcc/arm-none-eabi/9.2.1/../../../../arm-none-eabi/lib/thumb/v7e-m+fp/hard/libm.a(lib_a-wf_log10.o) (matherr)
/opt/build/armbin/bin/../lib/gcc/arm-none-eabi/9.2.1/../../../../arm-none-eabi/lib/thumb/v7e-m+fp/hard/libm.a(lib_a-s_nan.o)
                              /opt/build/armbin/bin/../lib/gcc/arm-none-eabi/9.2.1/../../../../arm-none-eabi/lib/thumb/v7e-m+fp/hard/libm.a(lib_a-wf_log10.o) (nan)
/opt/build/armbin/bin/../lib/gcc/arm-none-eabi/9.2.1/../../../../arm-none-eabi/lib/thumb/v7e-m+fp/hard/libm.a(lib_a-sf_atan.o)
                              /opt/build/armbin/bin/../lib/gcc/arm-none-eabi/9.2.1/../../../../arm-none-eabi/lib/thumb/v7e-m+fp/hard/libm.a(lib_a-ef_atan2.o) (atanf)
/opt/build/armbin/bin/../lib/gcc/arm-none-eabi/9.2.1/../../../../arm-none-eabi/lib/thumb/v7e-m+fp/hard/libm.a(lib_a-sf_fabs.o)
                              /opt/build/armbin/bin/../lib/gcc/arm-none-eabi/9.2.1/../../../../arm-none-eabi/lib/thumb/v7e-m+fp/hard/libm.a(lib_a-ef_atan2.o) (fabsf)
/opt/build/armbin/bin/../lib/gcc/arm-none-eabi/9.2.1/../../../../arm-none-eabi/lib/thumb/v7e-m+fp/hard/libm.a(lib_a-ef_log.o)
                              /opt/build/armbin/bin/../lib/gcc/arm-none-eabi/9.2.1/../../../../arm-none-eabi/lib/thumb/v7e-m+fp/hard/libm.a(lib_a-ef_log10.o) (__ieee754_logf)
/opt/build/armbin/bin/../lib/gcc/arm-none-eabi/9.2.1/thumb/v7e-m+fp/hard/libgcc.a(_arm_addsubdf3.o)
                              /opt/build/armbin/bin/../lib/gcc/arm-none-eabi/9.2.1/../../../../arm-none-eabi/lib/thumb/v7e-m+fp/hard/libm.a(lib_a-wf_log10.o) (__aeabi_f2d)
/opt/build/armbin/bin/../lib/gcc/arm-none-eabi/9.2.1/thumb/v7e-m+fp/hard/libgcc.a(_arm_truncdfsf2.o)
                              /opt/build/armbin/bin/../lib/gcc/arm-none-eabi/9.2.1/../../../../arm-none-eabi/lib/thumb/v7e-m+fp/hard/libm.a(lib_a-wf_log10.o) (__aeabi_d2f)
[...]
Memory Configuration

Name             Origin             Length             Attributes
flash            0x0000000000000000 0x0000000000007ff0 xr
ram              0x0000000010000000 0x0000000000018000 xrw
ram_usb          0x0000000020008000 0x0000000000008000 xrw
*default*        0x0000000000000000 0xffffffffffffffff

Linker script and memory map

                0x0000000000000400                __main_stack_size__ = 0x400
                0x0000000000001000                __process_stack_size__ = 0x1000
                0x0000000020008000                usb_bulk_buffer = ORIGIN (ram_usb)
                0x0000000010000000                __ram_start__ = ORIGIN (ram)
                0x0000000000018000                __ram_size__ = LENGTH (ram)
                0x0000000010018000                __ram_end__ = (__ram_start__ + __ram_size__)
                0x0000000000000000                . = 0x0
                0x0000000000000000                _text = .

startup         0x0000000000000000      0x114
 *(vectors)
 vectors        0x0000000000000000      0x114 CMakeFiles/baseband_shared.dir/__/chibios-portapack/os/ports/GCC/ARMCMx/LPC43xx_M4/vectors.c.obj
                0x0000000000000000                _vectors

constructors    0x0000000000000114        0x8
                0x0000000000000114                PROVIDE (__init_array_start = .)
 *(SORT_BY_NAME(.init_array.*))
 *(.init_array)
 .init_array    0x0000000000000114        0x4 CMakeFiles/baseband_shared.dir/rssi.cpp.obj
 .init_array    0x0000000000000118        0x4 CMakeFiles/baseband_shared.dir/rssi_dma.cpp.obj
                0x000000000000011c                PROVIDE (__init_array_end = .)

destructors     0x000000000000011c        0x0
                0x000000000000011c                PROVIDE (__fini_array_start = .)
 *(.fini_array)
 *(SORT_BY_NAME(.fini_array.*))
                0x000000000000011c                PROVIDE (__fini_array_end = .)

.text           0x0000000000000120     0x3db7
 *(.text.startup.*)
 .text.startup.main
                0x0000000000000120       0xb8 CMakeFiles/baseband_wifi_aim.elf.dir/proc_wifi_aim.cpp.obj
                0x0000000000000120                main
 .text.startup._GLOBAL__sub_I__ZN2rf4rssi4initEv
                0x00000000000001d8        0xc CMakeFiles/baseband_shared.dir/rssi.cpp.obj
 .text.startup._GLOBAL__sub_I__ZN2rf4rssi3dma4initEv
                0x00000000000001e4       0x30 CMakeFiles/baseband_shared.dir/rssi_dma.cpp.obj
 *(.text)
 *(.text.*)
 .text._ZN16WifiAimProcessor10on_messageEPK7Message
                0x0000000000000214       0x30 CMakeFiles/baseband_wifi_aim.elf.dir/proc_wifi_aim.cpp.obj
                0x0000000000000214                WifiAimProcessor::on_message(Message const*)
 .text._ZNKSt14default_deleteI17BasebandProcessorEclEPS0_.isra.0
                0x0000000000000244        0xa CMakeFiles/baseband_wifi_aim.elf.dir/proc_wifi_aim.cpp.obj
 *fill*         0x000000000000024e        0x2 
 .text._ZN7wifiaim13M4WifiDecoderC2Ev
                0x0000000000000250       0x94 CMakeFiles/baseband_wifi_aim.elf.dir/proc_wifi_aim.cpp.obj
                0x0000000000000250                wifiaim::M4WifiDecoder::M4WifiDecoder()
                0x0000000000000250                wifiaim::M4WifiDecoder::M4WifiDecoder()
 .text._ZNK16WifiAimProcessor11block_powerERK8buffer_tISt7complexIaEE
                0x00000000000002e4       0x2e CMakeFiles/baseband_wifi_aim.elf.dir/proc_wifi_aim.cpp.obj
                0x00000000000002e4                WifiAimProcessor::block_power(buffer_t<std::complex<signed char> > const&) const
 *fill*         0x0000000000000312        0x2 
 .text._ZN16WifiAimProcessor17copy_into_captureERK8buffer_tISt7complexIaEE
                0x0000000000000314       0x48 CMakeFiles/baseband_wifi_aim.elf.dir/proc_wifi_aim.cpp.obj
                0x0000000000000314                WifiAimProcessor::copy_into_capture(buffer_t<std::complex<signed char> > const&)
 .text._ZN12MessageQueue4pushI18FSKRxPacketMessageEEbRKT_
                0x000000000000035c       0x86 CMakeFiles/baseband_wifi_aim.elf.dir/proc_wifi_aim.cpp.obj
                0x000000000000035c                bool MessageQueue::push<FSKRxPacketMessage>(FSKRxPacketMessage const&)
 *fill*         0x00000000000003e2        0x2 
 .text._ZN16WifiAimProcessor14finish_captureEv
                0x00000000000003e4      0x170 CMakeFiles/baseband_wifi_aim.elf.dir/proc_wifi_aim.cpp.obj
                0x00000000000003e4                WifiAimProcessor::finish_capture()
 .text._ZN16WifiAimProcessor7executeERK8buffer_tISt7complexIaEE
                0x0000000000000554       0xa4 CMakeFiles/baseband_wifi_aim.elf.dir/proc_wifi_aim.cpp.obj
                0x0000000000000554                WifiAimProcessor::execute(buffer_t<std::complex<signed char> > const&)
 .text._ZN16WifiAimProcessorD2Ev
                0x00000000000005f8       0x20 CMakeFiles/baseband_wifi_aim.elf.dir/proc_wifi_aim.cpp.obj
                0x00000000000005f8                WifiAimProcessor::~WifiAimProcessor()
                0x00000000000005f8                WifiAimProcessor::~WifiAimProcessor()
 .text._ZN16WifiAimProcessorD0Ev
                0x0000000000000618       0x16 CMakeFiles/baseband_wifi_aim.elf.dir/proc_wifi_aim.cpp.obj
                0x0000000000000618                WifiAimProcessor::~WifiAimProcessor()
 *fill*         0x000000000000062e        0x2 
 .text._ZN7wifiaim12_GLOBAL__N_16bits16EPKhjj
                0x0000000000000630       0x1e CMakeFiles/baseband_wifi_aim.elf.dir/__/common/wifi_aim/wifi_aim_phy.cpp.obj
 *fill*         0x000000000000064e        0x2 
 .text._ZN7wifiaim12_GLOBAL__N_17parity7Eh
                0x0000000000000650       0x16 CMakeFiles/baseband_wifi_aim.elf.dir/__/common/wifi_aim/wifi_aim_phy.cpp.obj
 *fill*         0x0000000000000666        0x2 
 .text._ZN7wifiaim12_GLOBAL__N_115relative_db_x10Ef
                0x0000000000000668       0xc8 CMakeFiles/baseband_wifi_aim.elf.dir/__/common/wifi_aim/wifi_aim_phy.cpp.obj
 .text._ZN7wifiaim12_GLOBAL__N_110fast_rsqrtEf
                0x0000000000000730       0x50 CMakeFiles/baseband_wifi_aim.elf.dir/__/common/wifi_aim/wifi_aim_phy.cpp.obj
 .text._ZN7wifiaim12_GLOBAL__N_118parse_prefix_fixedEPKhjRNS_10M4ApReportE
                0x0000000000000780       0xb8 CMakeFiles/baseband_wifi_aim.elf.dir/__/common/wifi_aim/wifi_aim_phy.cpp.obj
 .text._ZN7wifiaim17M4OfdmWifiDecoder12deinterleaveEPKhPhjj.part.0
                0x0000000000000838       0x42 CMakeFiles/baseband_wifi_aim.elf.dir/__/common/wifi_aim/wifi_aim_phy.cpp.obj
 *fill*         0x000000000000087a        0x2 
 .text._ZN7wifiaim19M4LegacyWifiDecoder6decodeEPKNS_3IQ8EjRNS_10M4ApReportE
                0x000000000000087c      0x284 CMakeFiles/baseband_wifi_aim.elf.dir/__/common/wifi_aim/wifi_aim_phy.cpp.obj
                0x000000000000087c                wifiaim::M4LegacyWifiDecoder::decode(wifiaim::IQ8 const*, unsigned int, wifiaim::M4ApReport&)
 .text._ZN7wifiaim17M4OfdmWifiDecoder8find_ltfEPKNS_3IQ8EjRjRfS5_S5_
                0x0000000000000b00      0x2f4 CMakeFiles/baseband_wifi_aim.elf.dir/__/common/wifi_aim/wifi_aim_phy.cpp.obj
                0x0000000000000b00                wifiaim::M4OfdmWifiDecoder::find_ltf(wifiaim::IQ8 const*, unsigned int, unsigned int&, float&, float&, float&)
 .text._ZN7wifiaim17M4OfdmWifiDecoder5fft64Ev
                0x0000000000000df4       0xd4 CMakeFiles/baseband_wifi_aim.elf.dir/__/common/wifi_aim/wifi_aim_phy.cpp.obj
                0x0000000000000df4                wifiaim::M4OfdmWifiDecoder::fft64()
 .text._ZN7wifiaim17M4OfdmWifiDecoder8load_fftEPKNS_3IQ8Ejjff
                0x0000000000000ec8       0xa8 CMakeFiles/baseband_wifi_aim.elf.dir/__/common/wifi_aim/wifi_aim_phy.cpp.obj
                0x0000000000000ec8                wifiaim::M4OfdmWifiDecoder::load_fft(wifiaim::IQ8 const*, unsigned int, unsigned int, float, float)
 .text._ZNK7wifiaim17M4OfdmWifiDecoder9equalizedEi
                0x0000000000000f70       0x74 CMakeFiles/baseband_wifi_aim.elf.dir/__/common/wifi_aim/wifi_aim_phy.cpp.obj
                0x0000000000000f70                wifiaim::M4OfdmWifiDecoder::equalized(int) const
 .text._ZN7wifiaim17M4OfdmWifiDecoder11hard_symbolEPKNS_3IQ8EjjffjjPh.part.0
                0x0000000000000fe4      0x150 CMakeFiles/baseband_wifi_aim.elf.dir/__/common/wifi_aim/wifi_aim_phy.cpp.obj
 .text._ZN7wifiaim17M4OfdmWifiDecoder11hard_symbolEPKNS_3IQ8EjjffjjPh
                0x0000000000001134       0x26 CMakeFiles/baseband_wifi_aim.elf.dir/__/common/wifi_aim/wifi_aim_phy.cpp.obj
                0x0000000000001134                wifiaim::M4OfdmWifiDecoder::hard_symbol(wifiaim::IQ8 const*, unsigned int, unsigned int, float, float, unsigned int, unsigned int, unsigned char*)
 *fill*         0x000000000000115a        0x2 
 .text._ZN7wifiaim17M4OfdmWifiDecoder12deinterleaveEPKhPhjj
                0x000000000000115c       0x12 CMakeFiles/baseband_wifi_aim.elf.dir/__/common/wifi_aim/wifi_aim_phy.cpp.obj
                0x000000000000115c                wifiaim::M4OfdmWifiDecoder::deinterleave(unsigned char const*, unsigned char*, unsigned int, unsigned int)
 *fill*         0x000000000000116e        0x2 
 .text._ZN7wifiaim17M4OfdmWifiDecoder11rate_paramsEjRjS1_S1_Rh
                0x0000000000001170       0x4a CMakeFiles/baseband_wifi_aim.elf.dir/__/common/wifi_aim/wifi_aim_phy.cpp.obj
                0x0000000000001170                wifiaim::M4OfdmWifiDecoder::rate_params(unsigned int, unsigned int&, unsigned int&, unsigned int&, unsigned char&)
 *fill*         0x00000000000011ba        0x2 
 .text._ZN7wifiaim17M4OfdmWifiDecoder7viterbiEPKhjPhRj
                0x00000000000011bc      0x1a4 CMakeFiles/baseband_wifi_aim.elf.dir/__/common/wifi_aim/wifi_aim_phy.cpp.obj
                0x00000000000011bc                wifiaim::M4OfdmWifiDecoder::viterbi(unsigned char const*, unsigned int, unsigned char*, unsigned int&)
 .text._ZN7wifiaim17M4OfdmWifiDecoder6decodeEPKNS_3IQ8EjRNS_10M4ApReportE
                0x0000000000001360      0x45c CMakeFiles/baseband_wifi_aim.elf.dir/__/common/wifi_aim/wifi_aim_phy.cpp.obj
                0x0000000000001360                wifiaim::M4OfdmWifiDecoder::decode(wifiaim::IQ8 const*, unsigned int, wifiaim::M4ApReport&)
 .text.halInit  0x00000000000017bc       0x10 CMakeFiles/baseband_wifi_aim.elf.dir/__/chibios/os/hal/src/hal.c.obj
                0x00000000000017bc                halInit
 .text.systick_stop
                0x00000000000017cc       0x10 CMakeFiles/baseband_wifi_aim.elf.dir/__/chibios-portapack/os/hal/platforms/LPC43xx_M4/hal_lld.c.obj
                0x00000000000017cc                systick_stop
 .text.hal_lld_init
                0x00000000000017dc       0x48 CMakeFiles/baseband_wifi_aim.elf.dir/__/chibios-portapack/os/hal/platforms/LPC43xx_M4/hal_lld.c.obj
                0x00000000000017dc                hal_lld_init
 .text.peripheral_reset
                0x0000000000001824       0x30 CMakeFiles/baseband_wifi_aim.elf.dir/__/chibios-portapack/os/hal/platforms/LPC43xx/lpc43xx.c.obj
                0x0000000000001824                peripheral_reset
 .text.base_clock_enable
                0x0000000000001854       0x1c CMakeFiles/baseband_wifi_aim.elf.dir/__/chibios-portapack/os/hal/platforms/LPC43xx/lpc43xx.c.obj
                0x0000000000001854                base_clock_enable
 .text.branch_clock_enable
                0x0000000000001870       0x24 CMakeFiles/baseband_wifi_aim.elf.dir/__/chibios-portapack/os/hal/platforms/LPC43xx/lpc43xx.c.obj
                0x0000000000001870                branch_clock_enable
 .text.__early_init
                0x0000000000001894        0x4 CMakeFiles/baseband_shared.dir/__/chibios/os/ports/GCC/ARMCMx/crt0.c.obj
                0x0000000000001894                __early_init
 .text.ResetHandler
                0x0000000000001898      0x118 CMakeFiles/baseband_shared.dir/__/chibios/os/ports/GCC/ARMCMx/crt0.c.obj
                0x0000000000001898                ResetHandler
 .text._unhandled_exception
                0x00000000000019b0        0xc CMakeFiles/baseband_shared.dir/__/chibios-portapack/os/ports/GCC/ARMCMx/LPC43xx_M4/vectors.c.obj
                0x00000000000019b0                Vector58
                0x00000000000019b0                Vector9C
                0x00000000000019b0                VectorE8
                0x00000000000019b0                VectorAC
                0x00000000000019b0                Vector5C
                0x00000000000019b0                NMIVector
                0x00000000000019b0                Vector8C
                0x00000000000019b0                VectorDC
                0x00000000000019b0                Vector110
                0x00000000000019b0                VectorC8
                0x00000000000019b0                Vector94
                0x00000000000019b0                VectorA8
                0x00000000000019b0                VectorB4
                0x00000000000019b0                Vector74
                0x00000000000019b0                VectorEC
                0x00000000000019b0                DebugMonitorVector
                0x00000000000019b0                Vector40
                0x00000000000019b0                VectorF8
                0x00000000000019b0                Vector108
                0x00000000000019b0                VectorBC
                0x00000000000019b0                PendSVVector
                0x00000000000019b0                Vector64
                0x00000000000019b0                VectorCC
                0x00000000000019b0                Vector54
                0x00000000000019b0                Vector98
                0x00000000000019b0                VectorD8
                0x00000000000019b0                Vector24
                0x00000000000019b0                Vector84
                0x00000000000019b0                VectorD0
                0x00000000000019b0                VectorE4
                0x00000000000019b0                VectorC0
                0x00000000000019b0                VectorF0
                0x00000000000019b0                Vector100
                0x00000000000019b0                VectorE0
                0x00000000000019b0                VectorF4
                0x00000000000019b0                Vector6C
                0x00000000000019b0                VectorA0
                0x00000000000019b0                Vector7C
                0x00000000000019b0                VectorC4
                0x00000000000019b0                VectorB0
                0x00000000000019b0                Vector90
                0x00000000000019b0                Vector60
                0x00000000000019b0                Vector1C
                0x00000000000019b0                Vector70
                0x00000000000019b0                VectorD4
                0x00000000000019b0                Vector4C
                0x00000000000019b0                Vector80
                0x00000000000019b0                Vector68
                0x00000000000019b0                Vector78
                0x00000000000019b0                _unhandled_exception
                0x00000000000019b0                Vector88
                0x00000000000019b0                Vector104
                0x00000000000019b0                Vector10C
                0x00000000000019b0                Vector50
                0x00000000000019b0                Vector28
                0x00000000000019b0                VectorB8
                0x00000000000019b0                VectorFC
                0x00000000000019b0                Vector34
                0x00000000000019b0                VectorA4
                0x00000000000019b0                Vector20
 .text._port_switch_from_isr
                0x00000000000019bc       0x10 CMakeFiles/baseband_shared.dir/__/chibios/os/ports/GCC/ARMCMx/chcore_v7m.c.obj
                0x00000000000019bc                _port_switch_from_isr
 .text.SysTickVector
                0x00000000000019cc       0x84 CMakeFiles/baseband_shared.dir/__/chibios/os/ports/GCC/ARMCMx/chcore_v7m.c.obj
                0x00000000000019cc                SysTickVector
 .text.SVCallVector
                0x0000000000001a50       0x20 CMakeFiles/baseband_shared.dir/__/chibios/os/ports/GCC/ARMCMx/chcore_v7m.c.obj
                0x0000000000001a50                SVCallVector
 .text._port_init
                0x0000000000001a70       0x30 CMakeFiles/baseband_shared.dir/__/chibios/os/ports/GCC/ARMCMx/chcore_v7m.c.obj
                0x0000000000001a70                _port_init
 .text._port_irq_epilogue
                0x0000000000001aa0       0x64 CMakeFiles/baseband_shared.dir/__/chibios/os/ports/GCC/ARMCMx/chcore_v7m.c.obj
                0x0000000000001aa0                _port_irq_epilogue
 .text._port_switch
                0x0000000000001b04       0x18 CMakeFiles/baseband_shared.dir/__/chibios/os/ports/GCC/ARMCMx/chcore_v7m.c.obj
                0x0000000000001b04                _port_switch
 .text._port_thread_start
                0x0000000000001b1c       0x18 CMakeFiles/baseband_shared.dir/__/chibios/os/ports/GCC/ARMCMx/chcore_v7m.c.obj
                0x0000000000001b1c                _port_thread_start
 .text.nvicEnableVector
                0x0000000000001b34       0x48 CMakeFiles/baseband_shared.dir/__/chibios/os/ports/common/ARMCMx/nvic.c.obj
                0x0000000000001b34                nvicEnableVector
 .text.nvicDisableVector
                0x0000000000001b7c       0x40 CMakeFiles/baseband_shared.dir/__/chibios/os/ports/common/ARMCMx/nvic.c.obj
                0x0000000000001b7c                nvicDisableVector
 .text.nvicSetSystemHandlerPriority
                0x0000000000001bbc       0x2c CMakeFiles/baseband_shared.dir/__/chibios/os/ports/common/ARMCMx/nvic.c.obj
                0x0000000000001bbc                nvicSetSystemHandlerPriority
 .text._idle_thread
                0x0000000000001be8        0x4 CMakeFiles/baseband_shared.dir/__/chibios/os/kernel/src/chsys.c.obj
                0x0000000000001be8                _idle_thread
 .text.chSysInit
                0x0000000000001bec       0x60 CMakeFiles/baseband_shared.dir/__/chibios/os/kernel/src/chsys.c.obj
                0x0000000000001bec                chSysInit
 .text.chSysTimerHandlerI
                0x0000000000001c4c       0x64 CMakeFiles/baseband_shared.dir/__/chibios/os/kernel/src/chsys.c.obj
                0x0000000000001c4c                chSysTimerHandlerI
 .text.dbg_check_disable
                0x0000000000001cb0       0x28 CMakeFiles/baseband_shared.dir/__/chibios/os/kernel/src/chdebug.c.obj
                0x0000000000001cb0                dbg_check_disable
 .text.dbg_check_enable
                0x0000000000001cd8       0x28 CMakeFiles/baseband_shared.dir/__/chibios/os/kernel/src/chdebug.c.obj
                0x0000000000001cd8                dbg_check_enable
 .text.dbg_check_lock
                0x0000000000001d00       0x30 CMakeFiles/baseband_shared.dir/__/chibios/os/kernel/src/chdebug.c.obj
                0x0000000000001d00                dbg_check_lock
 .text.dbg_check_unlock
                0x0000000000001d30       0x38 CMakeFiles/baseband_shared.dir/__/chibios/os/kernel/src/chdebug.c.obj
                0x0000000000001d30                dbg_check_unlock
 .text.dbg_check_lock_from_isr
                0x0000000000001d68       0x30 CMakeFiles/baseband_shared.dir/__/chibios/os/kernel/src/chdebug.c.obj
                0x0000000000001d68                dbg_check_lock_from_isr
 .text.dbg_check_unlock_from_isr
                0x0000000000001d98       0x38 CMakeFiles/baseband_shared.dir/__/chibios/os/kernel/src/chdebug.c.obj
                0x0000000000001d98                dbg_check_unlock_from_isr
 .text.dbg_check_enter_isr
                0x0000000000001dd0       0x40 CMakeFiles/baseband_shared.dir/__/chibios/os/kernel/src/chdebug.c.obj
                0x0000000000001dd0                dbg_check_enter_isr
 .text.dbg_check_leave_isr
                0x0000000000001e10       0x40 CMakeFiles/baseband_shared.dir/__/chibios/os/kernel/src/chdebug.c.obj
                0x0000000000001e10                dbg_check_leave_isr
 .text.chDbgCheckClassI
                0x0000000000001e50       0x2c CMakeFiles/baseband_shared.dir/__/chibios/os/kernel/src/chdebug.c.obj
                0x0000000000001e50                chDbgCheckClassI
 .text.chDbgCheckClassS
                0x0000000000001e7c       0x2c CMakeFiles/baseband_shared.dir/__/chibios/os/kernel/src/chdebug.c.obj
                0x0000000000001e7c                chDbgCheckClassS
 .text.chDbgPanic
                0x0000000000001ea8        0xc CMakeFiles/baseband_shared.dir/__/chibios/os/kernel/src/chdebug.c.obj
                0x0000000000001ea8                chDbgPanic
 .text._vt_init
                0x0000000000001eb4       0x18 CMakeFiles/baseband_shared.dir/__/chibios/os/kernel/src/chvt.c.obj
                0x0000000000001eb4                _vt_init
 .text._scheduler_init
                0x0000000000001ecc       0x10 CMakeFiles/baseband_shared.dir/__/chibios/os/kernel/src/chschd.c.obj
                0x0000000000001ecc                _scheduler_init
 .text.chSchReadyI
                0x0000000000001edc       0x40 CMakeFiles/baseband_shared.dir/__/chibios/os/kernel/src/chschd.c.obj
                0x0000000000001edc                chSchReadyI
 .text.chSchGoSleepS
                0x0000000000001f1c       0x64 CMakeFiles/baseband_shared.dir/__/chibios/os/kernel/src/chschd.c.obj
                0x0000000000001f1c                chSchGoSleepS
 .text.chSchWakeupS
                0x0000000000001f80       0xd0 CMakeFiles/baseband_shared.dir/__/chibios/os/kernel/src/chschd.c.obj
                0x0000000000001f80                chSchWakeupS
 .text.chSchDoRescheduleAhead
                0x0000000000002050       0x80 CMakeFiles/baseband_shared.dir/__/chibios/os/kernel/src/chschd.c.obj
                0x0000000000002050                chSchDoRescheduleAhead
 .text.chSchDoReschedule
                0x00000000000020d0        0x4 CMakeFiles/baseband_shared.dir/__/chibios/os/kernel/src/chschd.c.obj
                0x00000000000020d0                chSchDoReschedule
 .text._thread_init
                0x00000000000020d4       0x34 CMakeFiles/baseband_shared.dir/__/chibios/os/kernel/src/chthreads.c.obj
                0x00000000000020d4                _thread_init
 .text.chThdCreateStatic
                0x0000000000002108       0xac CMakeFiles/baseband_shared.dir/__/chibios/os/kernel/src/chthreads.c.obj
                0x0000000000002108                chThdCreateStatic
 .text.chThdTerminate
                0x00000000000021b4       0x24 CMakeFiles/baseband_shared.dir/__/chibios/os/kernel/src/chthreads.c.obj
                0x00000000000021b4                chThdTerminate
 .text.chThdExit
                0x00000000000021d8       0x44 CMakeFiles/baseband_shared.dir/__/chibios/os/kernel/src/chthreads.c.obj
                0x00000000000021d8                chThdExit
 .text.chThdWait
                0x000000000000221c       0x70 CMakeFiles/baseband_shared.dir/__/chibios/os/kernel/src/chthreads.c.obj
                0x000000000000221c                chThdWait
 .text.chThdRelease
                0x000000000000228c       0x60 CMakeFiles/baseband_shared.dir/__/chibios/os/kernel/src/chdynamic.c.obj
                0x000000000000228c                chThdRelease
 .text.chMtxInit
                0x00000000000022ec       0x24 CMakeFiles/baseband_shared.dir/__/chibios/os/kernel/src/chmtx.c.obj
                0x00000000000022ec                chMtxInit
 .text.chMtxLockS
                0x0000000000002310       0xfc CMakeFiles/baseband_shared.dir/__/chibios/os/kernel/src/chmtx.c.obj
                0x0000000000002310                chMtxLockS
 .text.chMtxLock
                0x000000000000240c       0x28 CMakeFiles/baseband_shared.dir/__/chibios/os/kernel/src/chmtx.c.obj
                0x000000000000240c                chMtxLock
 .text.chMtxTryLock
                0x0000000000002434       0x50 CMakeFiles/baseband_shared.dir/__/chibios/os/kernel/src/chmtx.c.obj
                0x0000000000002434                chMtxTryLock
 .text.chMtxUnlock
                0x0000000000002484       0x94 CMakeFiles/baseband_shared.dir/__/chibios/os/kernel/src/chmtx.c.obj
                0x0000000000002484                chMtxUnlock
 .text.chEvtSignalI
                0x0000000000002518       0x50 CMakeFiles/baseband_shared.dir/__/chibios/os/kernel/src/chevents.c.obj
                0x0000000000002518                chEvtSignalI
 .text.chEvtWaitAny
                0x0000000000002568       0x44 CMakeFiles/baseband_shared.dir/__/chibios/os/kernel/src/chevents.c.obj
                0x0000000000002568                chEvtWaitAny
 .text._core_init
                0x00000000000025ac       0x28 CMakeFiles/baseband_shared.dir/__/chibios/os/kernel/src/chmemcore.c.obj
                0x00000000000025ac                _core_init
 .text.chCoreAlloc
                0x00000000000025d4       0x44 CMakeFiles/baseband_shared.dir/__/chibios/os/kernel/src/chmemcore.c.obj
                0x00000000000025d4                chCoreAlloc
 .text.chCoreStatus
                0x0000000000002618       0x14 CMakeFiles/baseband_shared.dir/__/chibios/os/kernel/src/chmemcore.c.obj
                0x0000000000002618                chCoreStatus
 .text._heap_init
                0x000000000000262c       0x1c CMakeFiles/baseband_shared.dir/__/chibios/os/kernel/src/chheap.c.obj
                0x000000000000262c                _heap_init
 .text.chHeapAlloc
                0x0000000000002648       0x78 CMakeFiles/baseband_shared.dir/__/chibios/os/kernel/src/chheap.c.obj
                0x0000000000002648                chHeapAlloc
 .text.chHeapFree
                0x00000000000026c0       0xac CMakeFiles/baseband_shared.dir/__/chibios/os/kernel/src/chheap.c.obj
                0x00000000000026c0                chHeapFree
 .text.chPoolFree
                0x000000000000276c       0x38 CMakeFiles/baseband_shared.dir/__/chibios/os/kernel/src/chmempools.c.obj
                0x000000000000276c                chPoolFree
 .text.boardInit
                0x00000000000027a4        0x4 CMakeFiles/baseband_shared.dir/__/chibios-portapack/boards/PORTAPACK_BASEBAND/board.c.obj
                0x00000000000027a4                boardInit
 .text.__late_init
                0x00000000000027a8       0x18 CMakeFiles/baseband_shared.dir/baseband.cpp.obj
                0x00000000000027a8                __late_init
 .text._default_exit
                0x00000000000027c0       0xb4 CMakeFiles/baseband_shared.dir/baseband.cpp.obj
                0x00000000000027c0                _default_exit
 .text._ZN12MessageQueue6signalEv
                0x0000000000002874        0x4 CMakeFiles/baseband_shared.dir/__/common/message_queue.cpp.obj
                0x0000000000002874                MessageQueue::signal()
 .text._ZN17BasebandProcessor10on_messageEPK7Message
                0x0000000000002878        0x4 CMakeFiles/baseband_shared.dir/event_m4.cpp.obj
                0x0000000000002878                BasebandProcessor::on_message(Message const*)
 .text.Vector44
                0x000000000000287c       0x40 CMakeFiles/baseband_shared.dir/event_m4.cpp.obj
                0x000000000000287c                Vector44
 .text._ZN15EventDispatcherC2ESt10unique_ptrI17BasebandProcessorSt14default_deleteIS1_EE
                0x00000000000028bc       0x14 CMakeFiles/baseband_shared.dir/event_m4.cpp.obj
                0x00000000000028bc                EventDispatcher::EventDispatcher(std::unique_ptr<BasebandProcessor, std::default_delete<BasebandProcessor> >)
                0x00000000000028bc                EventDispatcher::EventDispatcher(std::unique_ptr<BasebandProcessor, std::default_delete<BasebandProcessor> >)
 .text._ZN15EventDispatcher3runEv
                0x00000000000028d0       0x98 CMakeFiles/baseband_shared.dir/event_m4.cpp.obj
                0x00000000000028d0                EventDispatcher::run()
 .text._ZN10ThreadWait5sleepEv
                0x0000000000002968       0x38 CMakeFiles/baseband_shared.dir/__/common/thread_wait.cpp.obj
                0x0000000000002968                ThreadWait::sleep()
 .text._ZN10ThreadWait19wake_from_interruptEi
                0x00000000000029a0       0x18 CMakeFiles/baseband_shared.dir/__/common/thread_wait.cpp.obj
                0x00000000000029a0                ThreadWait::wake_from_interrupt(int)
 .text._ZNK7lpc43xx5gpdma7channel7Channel12set_handlersEPFvvES4_
                0x00000000000029b8       0x1c CMakeFiles/baseband_shared.dir/__/common/gpdma.cpp.obj
                0x00000000000029b8                lpc43xx::gpdma::channel::Channel::set_handlers(void (*)(), void (*)()) const
 .text._ZNK7lpc43xx5gpdma7channel7Channel9configureERKNS1_3LLIEm
                0x00000000000029d4       0x44 CMakeFiles/baseband_shared.dir/__/common/gpdma.cpp.obj
                0x00000000000029d4                lpc43xx::gpdma::channel::Channel::configure(lpc43xx::gpdma::channel::LLI const&, unsigned long) const
 .text.Vector48
                0x0000000000002a18       0x78 CMakeFiles/baseband_shared.dir/__/common/gpdma.cpp.obj
                0x0000000000002a18                Vector48
 .text._ZN8baseband3dmaL17transfer_completeEv
                0x0000000000002a90       0x30 CMakeFiles/baseband_shared.dir/baseband_dma.cpp.obj
 .text._ZN8baseband3dmaL9dma_errorEv
                0x0000000000002ac0       0x24 CMakeFiles/baseband_shared.dir/baseband_dma.cpp.obj
 .text._ZN8baseband3dma4initEv
                0x0000000000002ae4       0x18 CMakeFiles/baseband_shared.dir/baseband_dma.cpp.obj
                0x0000000000002ae4                baseband::dma::init()
 .text._ZN8baseband3dma9configureEPSt7complexIaENS_9DirectionE
                0x0000000000002afc       0x98 CMakeFiles/baseband_shared.dir/baseband_dma.cpp.obj
                0x0000000000002afc                baseband::dma::configure(std::complex<signed char>*, baseband::Direction)
 .text._ZN8baseband3dma6enableENS_9DirectionE
                0x0000000000002b94       0x34 CMakeFiles/baseband_shared.dir/baseband_dma.cpp.obj
                0x0000000000002b94                baseband::dma::enable(baseband::Direction)
 .text._ZN8baseband3dma7disableEv
                0x0000000000002bc8       0x14 CMakeFiles/baseband_shared.dir/baseband_dma.cpp.obj
                0x0000000000002bc8                baseband::dma::disable()
 .text._ZN8baseband3dma15wait_for_bufferEv
                0x0000000000002bdc       0x80 CMakeFiles/baseband_shared.dir/baseband_dma.cpp.obj
                0x0000000000002bdc                baseband::dma::wait_for_buffer()
 .text._ZN8baseband5SGPIO4initEv
                0x0000000000002c5c       0x24 CMakeFiles/baseband_shared.dir/__/common/baseband_sgpio.cpp.obj
                0x0000000000002c5c                baseband::SGPIO::init()
 .text._ZN8baseband5SGPIO9configureENS_9DirectionE
                0x0000000000002c80       0xb0 CMakeFiles/baseband_shared.dir/__/common/baseband_sgpio.cpp.obj
                0x0000000000002c80                baseband::SGPIO::configure(baseband::Direction)
 .text._ZN10ThreadBase2fnEPv
                0x0000000000002d30        0xc CMakeFiles/baseband_shared.dir/baseband_thread.cpp.obj
                0x0000000000002d30                ThreadBase::fn(void*)
 .text._ZN14BasebandThreadD2Ev
                0x0000000000002d3c       0x2c CMakeFiles/baseband_shared.dir/baseband_thread.cpp.obj
                0x0000000000002d3c                BasebandThread::~BasebandThread()
                0x0000000000002d3c                BasebandThread::~BasebandThread()
 .text._ZN14BasebandThread3runEv
                0x0000000000002d68      0x148 CMakeFiles/baseband_shared.dir/baseband_thread.cpp.obj
                0x0000000000002d68                BasebandThread::run()
 .text._ZN14BasebandThread5startEv
                0x0000000000002eb0       0x30 CMakeFiles/baseband_shared.dir/baseband_thread.cpp.obj
                0x0000000000002eb0                BasebandThread::start()
 .text._ZN14BasebandThreadD0Ev
                0x0000000000002ee0       0x34 CMakeFiles/baseband_shared.dir/baseband_thread.cpp.obj
                0x0000000000002ee0                BasebandThread::~BasebandThread()
 .text._ZN14BasebandThreadC2EmP17BasebandProcessorN8baseband9DirectionEbm
                0x0000000000002f14       0x4c CMakeFiles/baseband_shared.dir/baseband_thread.cpp.obj
                0x0000000000002f14                BasebandThread::BasebandThread(unsigned long, BasebandProcessor*, baseband::Direction, bool, unsigned long)
                0x0000000000002f14                BasebandThread::BasebandThread(unsigned long, BasebandProcessor*, baseband::Direction, bool, unsigned long)
 .text._ZN2rf4rssi4initEv
                0x0000000000002f60       0x44 CMakeFiles/baseband_shared.dir/rssi.cpp.obj
                0x0000000000002f60                rf::rssi::init()
 .text._ZN2rf4rssi5startEv
                0x0000000000002fa4       0x18 CMakeFiles/baseband_shared.dir/rssi.cpp.obj
                0x0000000000002fa4                rf::rssi::start()
 .text._ZN2rf4rssi4stopEv
                0x0000000000002fbc       0x18 CMakeFiles/baseband_shared.dir/rssi.cpp.obj
                0x0000000000002fbc                rf::rssi::stop()
 .text._ZN2rf4rssi3dmaL9dma_errorEv
                0x0000000000002fd4       0x24 CMakeFiles/baseband_shared.dir/rssi_dma.cpp.obj
 .text._ZN2rf4rssi3dmaL17transfer_completeEv
                0x0000000000002ff8       0x20 CMakeFiles/baseband_shared.dir/rssi_dma.cpp.obj
 .text._ZNSt10unique_ptrIA_hSt14default_deleteIS0_EED2Ev
                0x0000000000003018       0x10 CMakeFiles/baseband_shared.dir/rssi_dma.cpp.obj
                0x0000000000003018                std::unique_ptr<unsigned char [], std::default_delete<unsigned char []> >::~unique_ptr()
                0x0000000000003018                std::unique_ptr<unsigned char [], std::default_delete<unsigned char []> >::~unique_ptr()
 .text._ZNSt10unique_ptrIA_N7lpc43xx5gpdma7channel3LLIESt14default_deleteIS4_EED2Ev
                0x0000000000003028       0x10 CMakeFiles/baseband_shared.dir/rssi_dma.cpp.obj
                0x0000000000003028                std::unique_ptr<lpc43xx::gpdma::channel::LLI [], std::default_delete<lpc43xx::gpdma::channel::LLI []> >::~unique_ptr()
                0x0000000000003028                std::unique_ptr<lpc43xx::gpdma::channel::LLI [], std::default_delete<lpc43xx::gpdma::channel::LLI []> >::~unique_ptr()
 .text._ZN2rf4rssi3dma4initEv
                0x0000000000003038       0x18 CMakeFiles/baseband_shared.dir/rssi_dma.cpp.obj
                0x0000000000003038                rf::rssi::dma::init()
 .text._ZN2rf4rssi3dma8allocateEjj
                0x0000000000003050       0xd0 CMakeFiles/baseband_shared.dir/rssi_dma.cpp.obj
                0x0000000000003050                rf::rssi::dma::allocate(unsigned int, unsigned int)
 .text._ZN2rf4rssi3dma4freeEv
                0x0000000000003120       0x2c CMakeFiles/baseband_shared.dir/rssi_dma.cpp.obj
                0x0000000000003120                rf::rssi::dma::free()
 .text._ZN2rf4rssi3dma6enableEv
                0x000000000000314c       0x2c CMakeFiles/baseband_shared.dir/rssi_dma.cpp.obj
                0x000000000000314c                rf::rssi::dma::enable()
 .text._ZN2rf4rssi3dma7disableEv
                0x0000000000003178       0x14 CMakeFiles/baseband_shared.dir/rssi_dma.cpp.obj
                0x0000000000003178                rf::rssi::dma::disable()
 .text._ZN2rf4rssi3dma15wait_for_bufferEv
                0x000000000000318c       0x5c CMakeFiles/baseband_shared.dir/rssi_dma.cpp.obj
                0x000000000000318c                rf::rssi::dma::wait_for_buffer()
 .text._ZN10RSSIThreadD2Ev
                0x00000000000031e8       0x2c CMakeFiles/baseband_shared.dir/rssi_thread.cpp.obj
                0x00000000000031e8                RSSIThread::~RSSIThread()
                0x00000000000031e8                RSSIThread::~RSSIThread()
 .text._ZN10RSSIThread3runEv
                0x0000000000003214      0x154 CMakeFiles/baseband_shared.dir/rssi_thread.cpp.obj
                0x0000000000003214                RSSIThread::run()
 .text._ZN10RSSIThread5startEv
                0x0000000000003368       0x30 CMakeFiles/baseband_shared.dir/rssi_thread.cpp.obj
                0x0000000000003368                RSSIThread::start()
 .text._ZN10RSSIThreadD0Ev
                0x0000000000003398       0x34 CMakeFiles/baseband_shared.dir/rssi_thread.cpp.obj
                0x0000000000003398                RSSIThread::~RSSIThread()
 .text._ZN10RSSIThreadC2Ebm
                0x00000000000033cc       0x3c CMakeFiles/baseband_shared.dir/rssi_thread.cpp.obj
                0x00000000000033cc                RSSIThread::RSSIThread(bool, unsigned long)
                0x00000000000033cc                RSSIThread::RSSIThread(bool, unsigned long)
 .text._ZN5audio3dma7disableEv
                0x0000000000003408       0x20 CMakeFiles/baseband_shared.dir/audio_dma.cpp.obj
                0x0000000000003408                audio::dma::disable()
 .text._Znwj    0x0000000000003428       0x20 CMakeFiles/baseband_shared.dir/__/common/chibios_cpp.cpp.obj
                0x0000000000003428                operator new(unsigned int)
 .text._Znaj    0x0000000000003448       0x20 CMakeFiles/baseband_shared.dir/__/common/chibios_cpp.cpp.obj
                0x0000000000003448                operator new[](unsigned int)
 .text._ZdaPv   0x0000000000003468        0x4 CMakeFiles/baseband_shared.dir/__/common/chibios_cpp.cpp.obj
                0x0000000000003468                operator delete[](void*)
 .text._ZdlPvj  0x000000000000346c        0x4 CMakeFiles/baseband_shared.dir/__/common/chibios_cpp.cpp.obj
                0x000000000000346c                operator delete(void*, unsigned int)
 .text._Z18write_m4_panic_msgPKcP6extctx
                0x0000000000003470       0x5c CMakeFiles/baseband_shared.dir/debug.cpp.obj
                0x0000000000003470                write_m4_panic_msg(char const*, extctx*)
 .text.port_halt
                0x00000000000034cc       0x34 CMakeFiles/baseband_shared.dir/debug.cpp.obj
                0x00000000000034cc                port_halt
 .text.MemManageVector
                0x0000000000003500        0xc CMakeFiles/baseband_shared.dir/debug.cpp.obj
                0x0000000000003500                MemManageVector
 .text.BusFaultVector
                0x000000000000350c        0xc CMakeFiles/baseband_shared.dir/debug.cpp.obj
                0x000000000000350c                BusFaultVector
 .text.UsageFaultVector
                0x0000000000003518        0xc CMakeFiles/baseband_shared.dir/debug.cpp.obj
                0x0000000000003518                UsageFaultVector
 .text.HardFaultVector
                0x0000000000003524       0x7c CMakeFiles/baseband_shared.dir/debug.cpp.obj
                0x0000000000003524                HardFaultVector
 .text.update_performance_counters
                0x00000000000035a0       0xac CMakeFiles/baseband_shared.dir/debug.cpp.obj
                0x00000000000035a0                update_performance_counters
 .text._Z30get_cpu_utilisation_in_percentv
                0x000000000000364c       0x54 CMakeFiles/baseband_shared.dir/__/common/performance_counter.cpp.obj
                0x000000000000364c                get_cpu_utilisation_in_percent()
 .text.__aeabi_atexit
                0x00000000000036a0        0xa /opt/build/armbin/bin/../lib/gcc/arm-none-eabi/9.2.1/../../../../arm-none-eabi/lib/thumb/v7e-m+fp/hard/libstdc++_nano.a(atexit_arm.o)
                0x00000000000036a0                __aeabi_atexit
 *fill*         0x00000000000036aa        0x2 
 .text.__cxa_atexit
                0x00000000000036ac       0x1c /opt/build/armbin/bin/../lib/gcc/arm-none-eabi/9.2.1/../../../../arm-none-eabi/lib/thumb/v7e-m+fp/hard/libg_nano.a(lib_a-cxa_atexit.o)
                0x00000000000036ac                __cxa_atexit
 .text.memcpy   0x00000000000036c8       0x1c /opt/build/armbin/bin/../lib/gcc/arm-none-eabi/9.2.1/../../../../arm-none-eabi/lib/thumb/v7e-m+fp/hard/libg_nano.a(lib_a-memcpy-stub.o)
                0x00000000000036c8                memcpy
 .text.memset   0x00000000000036e4       0x10 /opt/build/armbin/bin/../lib/gcc/arm-none-eabi/9.2.1/../../../../arm-none-eabi/lib/thumb/v7e-m+fp/hard/libg_nano.a(lib_a-memset.o)
                0x00000000000036e4                memset
 *(.rodata)
 .rodata        0x00000000000036f4       0x5f CMakeFiles/baseband_wifi_aim.elf.dir/proc_wifi_aim.cpp.obj
 *fill*         0x0000000000003753        0x1 
 .rodata        0x0000000000003754       0x2e CMakeFiles/baseband_wifi_aim.elf.dir/__/common/wifi_aim/wifi_aim_phy.cpp.obj
 *(.rodata.*)
 *fill*         0x0000000000003782        0x2 
 .rodata._ZTV16WifiAimProcessor
                0x0000000000003784       0x18 CMakeFiles/baseband_wifi_aim.elf.dir/proc_wifi_aim.cpp.obj
                0x0000000000003784                vtable for WifiAimProcessor
 .rodata._ZN7wifiaim12_GLOBAL__N_1L10kPilotBaseE
                0x000000000000379c       0x10 CMakeFiles/baseband_wifi_aim.elf.dir/__/common/wifi_aim/wifi_aim_phy.cpp.obj
 .rodata._ZN7wifiaim12_GLOBAL__N_1L14kPilotPolarityE
                0x00000000000037ac       0x40 CMakeFiles/baseband_wifi_aim.elf.dir/__/common/wifi_aim/wifi_aim_phy.cpp.obj
 .rodata._ZN7wifiaim12_GLOBAL__N_1L4kLtfE
                0x00000000000037ec      0x200 CMakeFiles/baseband_wifi_aim.elf.dir/__/common/wifi_aim/wifi_aim_phy.cpp.obj
 .rodata._ZN7wifiaim12_GLOBAL__N_1L6kDataKE
                0x00000000000039ec       0xc0 CMakeFiles/baseband_wifi_aim.elf.dir/__/common/wifi_aim/wifi_aim_phy.cpp.obj
 .rodata._ZN7wifiaim12_GLOBAL__N_1L7kBarkerE
                0x0000000000003aac        0xb CMakeFiles/baseband_wifi_aim.elf.dir/__/common/wifi_aim/wifi_aim_phy.cpp.obj
 *fill*         0x0000000000003ab7        0x1 
 .rodata._ZN7wifiaim12_GLOBAL__N_1L7kPilotKE
                0x0000000000003ab8       0x10 CMakeFiles/baseband_wifi_aim.elf.dir/__/common/wifi_aim/wifi_aim_phy.cpp.obj
 .rodata._ZN7wifiaim12_GLOBAL__N_1L8kTwiddleE
                0x0000000000003ac8      0x100 CMakeFiles/baseband_wifi_aim.elf.dir/__/common/wifi_aim/wifi_aim_phy.cpp.obj
 .rodata._ZN7wifiaim12_GLOBAL__N_1L9kLongBinsE
                0x0000000000003bc8       0x40 CMakeFiles/baseband_wifi_aim.elf.dir/__/common/wifi_aim/wifi_aim_phy.cpp.obj
 .rodata._unhandled_exception.str1.4
                0x0000000000003c08        0xa CMakeFiles/baseband_shared.dir/__/chibios-portapack/os/ports/GCC/ARMCMx/LPC43xx_M4/vectors.c.obj
 *fill*         0x0000000000003c12        0x2 
 .rodata.dbg_check_disable.str1.4
                0x0000000000003c14        0x5 CMakeFiles/baseband_shared.dir/__/chibios/os/kernel/src/chdebug.c.obj
 *fill*         0x0000000000003c19        0x3 
 .rodata.dbg_check_enable.str1.4
                0x0000000000003c1c        0x5 CMakeFiles/baseband_shared.dir/__/chibios/os/kernel/src/chdebug.c.obj
 *fill*         0x0000000000003c21        0x3 
 .rodata.dbg_check_lock.str1.4
                0x0000000000003c24        0x5 CMakeFiles/baseband_shared.dir/__/chibios/os/kernel/src/chdebug.c.obj
 *fill*         0x0000000000003c29        0x3 
 .rodata.dbg_check_unlock.str1.4
                0x0000000000003c2c        0x5 CMakeFiles/baseband_shared.dir/__/chibios/os/kernel/src/chdebug.c.obj
 *fill*         0x0000000000003c31        0x3 
 .rodata.dbg_check_lock_from_isr.str1.4
                0x0000000000003c34        0x5 CMakeFiles/baseband_shared.dir/__/chibios/os/kernel/src/chdebug.c.obj
 *fill*         0x0000000000003c39        0x3 
 .rodata.dbg_check_unlock_from_isr.str1.4
                0x0000000000003c3c        0x5 CMakeFiles/baseband_shared.dir/__/chibios/os/kernel/src/chdebug.c.obj
 *fill*         0x0000000000003c41        0x3 
 .rodata.dbg_check_enter_isr.str1.4
                0x0000000000003c44        0x5 CMakeFiles/baseband_shared.dir/__/chibios/os/kernel/src/chdebug.c.obj
 *fill*         0x0000000000003c49        0x3 
 .rodata.dbg_check_leave_isr.str1.4
                0x0000000000003c4c        0x5 CMakeFiles/baseband_shared.dir/__/chibios/os/kernel/src/chdebug.c.obj
 *fill*         0x0000000000003c51        0x3 
 .rodata.chDbgCheckClassI.str1.4
                0x0000000000003c54        0x6 CMakeFiles/baseband_shared.dir/__/chibios/os/kernel/src/chdebug.c.obj
 *fill*         0x0000000000003c5a        0x2 
 .rodata.chDbgCheckClassS.str1.4
                0x0000000000003c5c        0x6 CMakeFiles/baseband_shared.dir/__/chibios/os/kernel/src/chdebug.c.obj
 *fill*         0x0000000000003c62        0x2 
 .rodata.wakeup.str1.4
                0x0000000000003c64       0x12 CMakeFiles/baseband_shared.dir/__/chibios/os/kernel/src/chschd.c.obj
 *fill*         0x0000000000003c76        0x2 
 .rodata.chSchGoSleepS.str1.4
                0x0000000000003c78        0xf CMakeFiles/baseband_shared.dir/__/chibios/os/kernel/src/chschd.c.obj
 *fill*         0x0000000000003c87        0x1 
 .rodata.chThdCreateI.str1.4
                0x0000000000003c88       0x11 CMakeFiles/baseband_shared.dir/__/chibios/os/kernel/src/chthreads.c.obj
 *fill*         0x0000000000003c99        0x3 
 .rodata.chThdExit.str1.4
                0x0000000000003c9c       0x11 CMakeFiles/baseband_shared.dir/__/chibios/os/kernel/src/chthreads.c.obj
 *fill*         0x0000000000003cad        0x3 
 .rodata.chThdWait.str1.4
                0x0000000000003cb0       0x30 CMakeFiles/baseband_shared.dir/__/chibios/os/kernel/src/chthreads.c.obj
 .rodata.chThdRelease.str1.4
                0x0000000000003ce0       0x13 CMakeFiles/baseband_shared.dir/__/chibios/os/kernel/src/chdynamic.c.obj
 *fill*         0x0000000000003cf3        0x1 
 .rodata.chMtxInit.str1.4
                0x0000000000003cf4        0xe CMakeFiles/baseband_shared.dir/__/chibios/os/kernel/src/chmtx.c.obj
 *fill*         0x0000000000003d02        0x2 
 .rodata.chMtxLockS.str1.4
                0x0000000000003d04       0x35 CMakeFiles/baseband_shared.dir/__/chibios/os/kernel/src/chmtx.c.obj
 *fill*         0x0000000000003d39        0x3 
 .rodata.chMtxTryLock.str1.4
                0x0000000000003d3c       0x12 CMakeFiles/baseband_shared.dir/__/chibios/os/kernel/src/chmtx.c.obj
 *fill*         0x0000000000003d4e        0x2 
 .rodata.chMtxUnlock.str1.4
                0x0000000000003d50       0x26 CMakeFiles/baseband_shared.dir/__/chibios/os/kernel/src/chmtx.c.obj
 *fill*         0x0000000000003d76        0x2 
 .rodata.chEvtBroadcastFlagsI.str1.4
                0x0000000000003d78       0x29 CMakeFiles/baseband_shared.dir/__/chibios/os/kernel/src/chevents.c.obj
 *fill*         0x0000000000003da1        0x3 
 .rodata.chHeapFree.str1.4
                0x0000000000003da4       0x21 CMakeFiles/baseband_shared.dir/__/chibios/os/kernel/src/chheap.c.obj
 *fill*         0x0000000000003dc5        0x3 
 .rodata.chPoolLoadArray.str1.4
                0x0000000000003dc8       0x24 CMakeFiles/baseband_shared.dir/__/chibios/os/kernel/src/chmempools.c.obj
 .rodata._ZN7lpc43xx5gpdmaL8channelsE
                0x0000000000003dec       0x20 CMakeFiles/baseband_shared.dir/baseband_dma.cpp.obj
 .rodata._ZN8basebandL15sgpio_resourcesE
                0x0000000000003e0c       0x18 CMakeFiles/baseband_shared.dir/__/common/baseband_sgpio.cpp.obj
 .rodata.shared_memory
                0x0000000000003e24        0x4 CMakeFiles/baseband_shared.dir/__/common/portapack_shared_memory.cpp.obj
                0x0000000000003e24                shared_memory
 .rodata._ZTV14BasebandThread
                0x0000000000003e28       0x18 CMakeFiles/baseband_shared.dir/baseband_thread.cpp.obj
                0x0000000000003e28                vtable for BasebandThread
 .rodata._ZN7lpc43xx5gpdmaL8channelsE
                0x0000000000003e40       0x20 CMakeFiles/baseband_shared.dir/rssi_dma.cpp.obj
 .rodata._ZTV10RSSIThread
                0x0000000000003e60       0x18 CMakeFiles/baseband_shared.dir/rssi_thread.cpp.obj
                0x0000000000003e60                vtable for RSSIThread
 .rodata._Znwj.str1.4
                0x0000000000003e78        0xe CMakeFiles/baseband_shared.dir/__/common/chibios_cpp.cpp.obj
 *fill*         0x0000000000003e86        0x2 
 .rodata.port_halt.str1.4
                0x0000000000003e88        0xe CMakeFiles/baseband_shared.dir/debug.cpp.obj
 *fill*         0x0000000000003e96        0x2 
 .rodata.MemManageVector.str1.4
                0x0000000000003e98        0xa CMakeFiles/baseband_shared.dir/debug.cpp.obj
 *fill*         0x0000000000003ea2        0x2 
 .rodata.BusFaultVector.str1.4
                0x0000000000003ea4        0x9 CMakeFiles/baseband_shared.dir/debug.cpp.obj
 *fill*         0x0000000000003ead        0x3 
 .rodata.UsageFaultVector.str1.4
                0x0000000000003eb0        0xb CMakeFiles/baseband_shared.dir/debug.cpp.obj
 *fill*         0x0000000000003ebb        0x1 
 .rodata.HardFaultVector.str1.4
                0x0000000000003ebc       0x1b CMakeFiles/baseband_shared.dir/debug.cpp.obj
 *(.glue_7t)
 .glue_7t       0x0000000000003ed7        0x0 linker stubs
 *(.glue_7)
 .glue_7        0x0000000000003ed7        0x0 linker stubs
 *(.gcc*)

.vfp11_veneer   0x0000000000003ed8        0x0
 .vfp11_veneer  0x0000000000003ed8        0x0 linker stubs

.v4_bx          0x0000000000003ed8        0x0
 .v4_bx         0x0000000000003ed8        0x0 linker stubs

.iplt           0x0000000000003ed8        0x0
 .iplt          0x0000000000003ed8        0x0 CMakeFiles/baseband_wifi_aim.elf.dir/proc_wifi_aim.cpp.obj

.rel.dyn        0x0000000000003ed8        0x0
 .rel.iplt      0x0000000000003ed8        0x0 CMakeFiles/baseband_wifi_aim.elf.dir/proc_wifi_aim.cpp.obj

.ARM.extab
 *(.ARM.extab* .gnu.linkonce.armextab.*)

.ARM.exidx      0x0000000000003ed7        0x0
                [!provide]                        PROVIDE (__exidx_start = .)
 *(.ARM.exidx* .gnu.linkonce.armexidx.*)
                [!provide]                        PROVIDE (__exidx_end = .)

.eh_frame_hdr
 *(.eh_frame_hdr)

.eh_frame
 *(.eh_frame)

.textalign      0x0000000000003ed7        0x1
                0x0000000000003ed8                . = ALIGN (0x8)
 *fill*         0x0000000000003ed7        0x1 
                0x0000000000003ed8                . = ALIGN (0x4)
                0x0000000000003ed8                _etext = .
                0x0000000000003ed8                _textdata = _etext

.stacks         0x0000000010000000     0x1400
                0x0000000010000000                . = ALIGN (0x8)
                0x0000000010000000                __main_stack_base__ = .
                0x0000000010000400                . = (. + __main_stack_size__)
 *fill*         0x0000000010000000      0x400 
                0x0000000010000400                . = ALIGN (0x8)
                0x0000000010000400                __main_stack_end__ = .
                0x0000000010000400                __process_stack_base__ = .
                0x0000000010000400                __main_thread_stack_base__ = .
                0x0000000010001400                . = (. + __process_stack_size__)
 *fill*         0x0000000010000400     0x1000 
                0x0000000010001400                . = ALIGN (0x8)
                0x0000000010001400                __process_stack_end__ = .
                0x0000000010001400                __main_thread_stack_end__ = .

.data           0x0000000010001400        0x4 load address 0x0000000000003ed8
                0x0000000010001400                . = ALIGN (0x4)
                0x0000000010001400                PROVIDE (_data = .)
 *(.data)
 *(.data.*)
 .data.hal_clock_f
                0x0000000010001400        0x4 CMakeFiles/baseband_wifi_aim.elf.dir/__/chibios-portapack/os/hal/platforms/LPC43xx_M4/hal_lld.c.obj
 *(.ramtext)
                0x0000000010001404                . = ALIGN (0x4)
                0x0000000010001404                PROVIDE (_edata = .)
                0x0000000000003edc                _textend = (LOADADDR (.data) + SIZEOF (.data))

.igot.plt       0x0000000010001404        0x0 load address 0x0000000000003edc
 .igot.plt      0x0000000010001404        0x0 CMakeFiles/baseband_wifi_aim.elf.dir/proc_wifi_aim.cpp.obj

.bss            0x0000000010001404     0x160c load address 0x0000000000003edc
                0x0000000010001404                . = ALIGN (0x4)
                0x0000000010001404                PROVIDE (_bss_start = .)
 *(.bss)
 *(.bss.*)
 *fill*         0x0000000010001404        0x4 
 .bss._idle_thread_wa
                0x0000000010001408      0x168 CMakeFiles/baseband_shared.dir/__/chibios/os/kernel/src/chsys.c.obj
                0x0000000010001408                _idle_thread_wa
 .bss.mainthread.6280
                0x0000000010001570       0x4c CMakeFiles/baseband_shared.dir/__/chibios/os/kernel/src/chsys.c.obj
 .bss.dbg_isr_cnt
                0x00000000100015bc        0x4 CMakeFiles/baseband_shared.dir/__/chibios/os/kernel/src/chdebug.c.obj
                0x00000000100015bc                dbg_isr_cnt
 .bss.dbg_lock_cnt
                0x00000000100015c0        0x4 CMakeFiles/baseband_shared.dir/__/chibios/os/kernel/src/chdebug.c.obj
                0x00000000100015c0                dbg_lock_cnt
 .bss.dbg_panic_msg
                0x00000000100015c4        0x4 CMakeFiles/baseband_shared.dir/__/chibios/os/kernel/src/chdebug.c.obj
                0x00000000100015c4                dbg_panic_msg
 .bss.vtlist    0x00000000100015c8       0x10 CMakeFiles/baseband_shared.dir/__/chibios/os/kernel/src/chvt.c.obj
                0x00000000100015c8                vtlist
 .bss.rlist     0x00000000100015d8       0x14 CMakeFiles/baseband_shared.dir/__/chibios/os/kernel/src/chschd.c.obj
                0x00000000100015d8                rlist
 .bss.endmem    0x00000000100015ec        0x4 CMakeFiles/baseband_shared.dir/__/chibios/os/kernel/src/chmemcore.c.obj
 .bss.nextmem   0x00000000100015f0        0x4 CMakeFiles/baseband_shared.dir/__/chibios/os/kernel/src/chmemcore.c.obj
 *fill*         0x00000000100015f4        0x4 
 .bss.default_heap
                0x00000000100015f8       0x20 CMakeFiles/baseband_shared.dir/__/chibios/os/kernel/src/chheap.c.obj
 .bss._ZN15EventDispatcher17thread_event_loopE
                0x0000000010001618        0x4 CMakeFiles/baseband_shared.dir/event_m4.cpp.obj
                0x0000000010001618                EventDispatcher::thread_event_loop
 .bss._ZN7lpc43xx5gpdmaL14handlers_tableE
                0x000000001000161c       0x40 CMakeFiles/baseband_shared.dir/__/common/gpdma.cpp.obj
 .bss._ZN8baseband3dma14buffer_handledE
                0x000000001000165c        0x4 CMakeFiles/baseband_shared.dir/baseband_dma.cpp.obj
                0x000000001000165c                baseband::dma::buffer_handled
 .bss._ZN8baseband3dma17buffer_transferedE
                0x0000000010001660        0x4 CMakeFiles/baseband_shared.dir/baseband_dma.cpp.obj
                0x0000000010001660                baseband::dma::buffer_transfered
 .bss._ZN8baseband3dmaL11thread_waitE
                0x0000000010001664        0x4 CMakeFiles/baseband_shared.dir/baseband_dma.cpp.obj
 .bss._ZN8baseband3dmaL8lli_loopE
                0x0000000010001668       0x40 CMakeFiles/baseband_shared.dir/baseband_dma.cpp.obj
 .bss._ZL14baseband_sgpio
                0x00000000100016a8        0x1 CMakeFiles/baseband_shared.dir/baseband_thread.cpp.obj
 *fill*         0x00000000100016a9        0x3 
 .bss._ZN14BasebandThread6threadE
                0x00000000100016ac        0x4 CMakeFiles/baseband_shared.dir/baseband_thread.cpp.obj
                0x00000000100016ac                BasebandThread::thread
 .bss.baseband_thread_wa
                0x00000000100016b0     0x1158 CMakeFiles/baseband_shared.dir/baseband_thread.cpp.obj
                0x00000000100016b0                baseband_thread_wa
 .bss._ZN2rf4rssiL19adc1_interrupt_maskE
                0x0000000010002808        0x4 CMakeFiles/baseband_shared.dir/rssi.cpp.obj
 .bss._ZN2rf4rssi3dmaL11thread_waitE
                0x000000001000280c        0x4 CMakeFiles/baseband_shared.dir/rssi_dma.cpp.obj
 .bss._ZN2rf4rssi3dmaL14buffers_configE
                0x0000000010002810        0x8 CMakeFiles/baseband_shared.dir/rssi_dma.cpp.obj
 .bss._ZN2rf4rssi3dmaL3lliE
                0x0000000010002818        0x4 CMakeFiles/baseband_shared.dir/rssi_dma.cpp.obj
 .bss._ZN2rf4rssi3dmaL7samplesE
                0x000000001000281c        0x4 CMakeFiles/baseband_shared.dir/rssi_dma.cpp.obj
 .bss._ZN10RSSIThread6threadE
                0x0000000010002820        0x4 CMakeFiles/baseband_shared.dir/rssi_thread.cpp.obj
                0x0000000010002820                RSSIThread::thread
 *fill*         0x0000000010002824        0x4 
 .bss.rssi_thread_wa
                0x0000000010002828      0x1d8 CMakeFiles/baseband_shared.dir/rssi_thread.cpp.obj
                0x0000000010002828                rssi_thread_wa
 .bss._ZZ27update_performance_countersE16last_paint_state
                0x0000000010002a00        0x1 CMakeFiles/baseband_shared.dir/debug.cpp.obj
 *fill*         0x0000000010002a01        0x3 
 .bss.__dso_handle
                0x0000000010002a04        0x4 CMakeFiles/baseband_shared.dir/__/common/gcc.cpp.obj
                0x0000000010002a04                __dso_handle
 .bss._ZZ30get_cpu_utilisation_in_percentvE15last_idle_ticks
                0x0000000010002a08        0x4 CMakeFiles/baseband_shared.dir/__/common/performance_counter.cpp.obj
 .bss._ZZ30get_cpu_utilisation_in_percentvE9last_time
                0x0000000010002a0c        0x4 CMakeFiles/baseband_shared.dir/__/common/performance_counter.cpp.obj
 *(COMMON)
                0x0000000010002a10                . = ALIGN (0x4)
                0x0000000010002a10                PROVIDE (_bss_end = .)
                [!provide]                        PROVIDE (end = .)
                0x0000000010002a10                _end = .
                0x0000000010002a10                __heap_base__ = _end
                0x0000000010018000                __heap_end__ = __ram_end__
                0x0000000000010000                LD_RAM_SIZE = 0x10000
                0x0000000000000000                LD_M0_LOCAL_HEAP_SIZE = 0x0
                0x0000000000000000                LD_M0_LOCAL_HEAP_ORIGIN = 0x0
                0x0000000000018000                LD_M4_RAM_LEN = 0x18000
                0x0000000000007ff0                LD_M4_FLASH_LEN = 0x7ff0
                0x0000000000008000                LD_USB_RAM_LEN = 0x8000
                0x0000000000100000                LD_FLASH_SIZE = 0x100000
LOAD CMakeFiles/baseband_wifi_aim.elf.dir/proc_wifi_aim.cpp.obj
LOAD CMakeFiles/baseband_wifi_aim.elf.dir/__/common/wifi_aim/wifi_aim_phy.cpp.obj
LOAD CMakeFiles/baseband_wifi_aim.elf.dir/__/chibios/os/hal/src/hal.c.obj
LOAD CMakeFiles/baseband_wifi_aim.elf.dir/__/chibios/os/hal/src/adc.c.obj
LOAD CMakeFiles/baseband_wifi_aim.elf.dir/__/chibios/os/hal/src/can.c.obj
LOAD CMakeFiles/baseband_wifi_aim.elf.dir/__/chibios/os/hal/src/ext.c.obj
LOAD CMakeFiles/baseband_wifi_aim.elf.dir/__/chibios/os/hal/src/gpt.c.obj
LOAD CMakeFiles/baseband_wifi_aim.elf.dir/__/chibios/os/hal/src/i2c.c.obj
LOAD CMakeFiles/baseband_wifi_aim.elf.dir/__/chibios/os/hal/src/icu.c.obj
LOAD CMakeFiles/baseband_wifi_aim.elf.dir/__/chibios/os/hal/src/mac.c.obj
LOAD CMakeFiles/baseband_wifi_aim.elf.dir/__/chibios/os/hal/src/mmc_spi.c.obj
LOAD CMakeFiles/baseband_wifi_aim.elf.dir/__/chibios/os/hal/src/mmcsd.c.obj
LOAD CMakeFiles/baseband_wifi_aim.elf.dir/__/chibios/os/hal/src/pal.c.obj
LOAD CMakeFiles/baseband_wifi_aim.elf.dir/__/chibios/os/hal/src/pwm.c.obj
LOAD CMakeFiles/baseband_wifi_aim.elf.dir/__/chibios/os/hal/src/rtc.c.obj
LOAD CMakeFiles/baseband_wifi_aim.elf.dir/__/chibios/os/hal/src/sdc.c.obj
LOAD CMakeFiles/baseband_wifi_aim.elf.dir/__/chibios/os/hal/src/serial.c.obj
LOAD CMakeFiles/baseband_wifi_aim.elf.dir/__/chibios/os/hal/src/serial_usb.c.obj
LOAD CMakeFiles/baseband_wifi_aim.elf.dir/__/chibios/os/hal/src/spi.c.obj
LOAD CMakeFiles/baseband_wifi_aim.elf.dir/__/chibios/os/hal/src/tm.c.obj
LOAD CMakeFiles/baseband_wifi_aim.elf.dir/__/chibios/os/hal/src/uart.c.obj
LOAD CMakeFiles/baseband_wifi_aim.elf.dir/__/chibios/os/hal/src/usb.c.obj
LOAD CMakeFiles/baseband_wifi_aim.elf.dir/__/chibios-portapack/os/hal/platforms/LPC43xx_M4/hal_lld.c.obj
LOAD CMakeFiles/baseband_wifi_aim.elf.dir/__/chibios-portapack/os/hal/platforms/LPC43xx/gpt_lld.c.obj
LOAD CMakeFiles/baseband_wifi_aim.elf.dir/__/chibios-portapack/os/hal/platforms/LPC43xx/i2c_lld.c.obj
LOAD CMakeFiles/baseband_wifi_aim.elf.dir/__/chibios-portapack/os/hal/platforms/LPC43xx/pal_lld.c.obj
LOAD CMakeFiles/baseband_wifi_aim.elf.dir/__/chibios-portapack/os/hal/platforms/LPC43xx/rtc_lld.c.obj
LOAD CMakeFiles/baseband_wifi_aim.elf.dir/__/chibios-portapack/os/hal/platforms/LPC43xx/sdc_lld.c.obj
LOAD CMakeFiles/baseband_wifi_aim.elf.dir/__/chibios-portapack/os/hal/platforms/LPC43xx/serial_lld.c.obj
LOAD CMakeFiles/baseband_wifi_aim.elf.dir/__/chibios-portapack/os/hal/platforms/LPC43xx/spi_lld.c.obj
LOAD CMakeFiles/baseband_wifi_aim.elf.dir/__/chibios-portapack/os/hal/platforms/LPC43xx/lpc43xx.c.obj
LOAD CMakeFiles/baseband_shared.dir/__/chibios/os/ports/GCC/ARMCMx/crt0.c.obj
LOAD CMakeFiles/baseband_shared.dir/__/chibios-portapack/os/ports/GCC/ARMCMx/LPC43xx_M4/vectors.c.obj
LOAD CMakeFiles/baseband_shared.dir/__/chibios/os/ports/GCC/ARMCMx/chcore.c.obj
LOAD CMakeFiles/baseband_shared.dir/__/chibios/os/ports/GCC/ARMCMx/chcore_v7m.c.obj
LOAD CMakeFiles/baseband_shared.dir/__/chibios/os/ports/common/ARMCMx/nvic.c.obj
LOAD CMakeFiles/baseband_shared.dir/__/chibios/os/kernel/src/chsys.c.obj
LOAD CMakeFiles/baseband_shared.dir/__/chibios/os/kernel/src/chdebug.c.obj
LOAD CMakeFiles/baseband_shared.dir/__/chibios/os/kernel/src/chlists.c.obj
LOAD CMakeFiles/baseband_shared.dir/__/chibios/os/kernel/src/chvt.c.obj
LOAD CMakeFiles/baseband_shared.dir/__/chibios/os/kernel/src/chschd.c.obj
LOAD CMakeFiles/baseband_shared.dir/__/chibios/os/kernel/src/chthreads.c.obj
LOAD CMakeFiles/baseband_shared.dir/__/chibios/os/kernel/src/chdynamic.c.obj
LOAD CMakeFiles/baseband_shared.dir/__/chibios/os/kernel/src/chregistry.c.obj
LOAD CMakeFiles/baseband_shared.dir/__/chibios/os/kernel/src/chsem.c.obj
LOAD CMakeFiles/baseband_shared.dir/__/chibios/os/kernel/src/chmtx.c.obj
LOAD CMakeFiles/baseband_shared.dir/__/chibios/os/kernel/src/chcond.c.obj
LOAD CMakeFiles/baseband_shared.dir/__/chibios/os/kernel/src/chevents.c.obj
LOAD CMakeFiles/baseband_shared.dir/__/chibios/os/kernel/src/chmsg.c.obj
LOAD CMakeFiles/baseband_shared.dir/__/chibios/os/kernel/src/chmboxes.c.obj
LOAD CMakeFiles/baseband_shared.dir/__/chibios/os/kernel/src/chqueues.c.obj
LOAD CMakeFiles/baseband_shared.dir/__/chibios/os/kernel/src/chmemcore.c.obj
LOAD CMakeFiles/baseband_shared.dir/__/chibios/os/kernel/src/chheap.c.obj
LOAD CMakeFiles/baseband_shared.dir/__/chibios/os/kernel/src/chmempools.c.obj
LOAD CMakeFiles/baseband_shared.dir/__/chibios/test/test.c.obj
LOAD CMakeFiles/baseband_shared.dir/__/chibios/test/testthd.c.obj
LOAD CMakeFiles/baseband_shared.dir/__/chibios/test/testsem.c.obj
LOAD CMakeFiles/baseband_shared.dir/__/chibios/test/testmtx.c.obj
LOAD CMakeFiles/baseband_shared.dir/__/chibios/test/testmsg.c.obj
LOAD CMakeFiles/baseband_shared.dir/__/chibios/test/testmbox.c.obj
LOAD CMakeFiles/baseband_shared.dir/__/chibios/test/testevt.c.obj
LOAD CMakeFiles/baseband_shared.dir/__/chibios/test/testheap.c.obj
LOAD CMakeFiles/baseband_shared.dir/__/chibios/test/testpools.c.obj
LOAD CMakeFiles/baseband_shared.dir/__/chibios/test/testdyn.c.obj
LOAD CMakeFiles/baseband_shared.dir/__/chibios/test/testqueues.c.obj
LOAD CMakeFiles/baseband_shared.dir/__/chibios/test/testbmk.c.obj
LOAD CMakeFiles/baseband_shared.dir/__/chibios-portapack/boards/PORTAPACK_BASEBAND/board.c.obj
LOAD CMakeFiles/baseband_shared.dir/baseband.cpp.obj
LOAD CMakeFiles/baseband_shared.dir/__/common/message_queue.cpp.obj
LOAD CMakeFiles/baseband_shared.dir/__/common/event.cpp.obj
LOAD CMakeFiles/baseband_shared.dir/event_m4.cpp.obj
LOAD CMakeFiles/baseband_shared.dir/__/common/thread_wait.cpp.obj
LOAD CMakeFiles/baseband_shared.dir/__/common/gpdma.cpp.obj
LOAD CMakeFiles/baseband_shared.dir/baseband_dma.cpp.obj
LOAD CMakeFiles/baseband_shared.dir/__/common/baseband_sgpio.cpp.obj
LOAD CMakeFiles/baseband_shared.dir/__/common/portapack_shared_memory.cpp.obj
LOAD CMakeFiles/baseband_shared.dir/__/common/buffer.cpp.obj
LOAD CMakeFiles/baseband_shared.dir/baseband_thread.cpp.obj
LOAD CMakeFiles/baseband_shared.dir/baseband_processor.cpp.obj
LOAD CMakeFiles/baseband_shared.dir/baseband_stats_collector.cpp.obj
LOAD CMakeFiles/baseband_shared.dir/dsp_decimate.cpp.obj
LOAD CMakeFiles/baseband_shared.dir/dsp_demodulate.cpp.obj
LOAD CMakeFiles/baseband_shared.dir/dsp_hilbert.cpp.obj
LOAD CMakeFiles/baseband_shared.dir/dsp_modulate.cpp.obj
LOAD CMakeFiles/baseband_shared.dir/dsp_goertzel.cpp.obj
LOAD CMakeFiles/baseband_shared.dir/matched_filter.cpp.obj
LOAD CMakeFiles/baseband_shared.dir/spectrum_collector.cpp.obj
LOAD CMakeFiles/baseband_shared.dir/tv_collector.cpp.obj
LOAD CMakeFiles/baseband_shared.dir/stream_input.cpp.obj
LOAD CMakeFiles/baseband_shared.dir/stream_output.cpp.obj
LOAD CMakeFiles/baseband_shared.dir/dsp_squelch.cpp.obj
LOAD CMakeFiles/baseband_shared.dir/clock_recovery.cpp.obj
LOAD CMakeFiles/baseband_shared.dir/packet_builder.cpp.obj
LOAD CMakeFiles/baseband_shared.dir/__/common/dsp_fft.cpp.obj
LOAD CMakeFiles/baseband_shared.dir/__/common/dsp_fir_taps.cpp.obj
LOAD CMakeFiles/baseband_shared.dir/__/common/dsp_iir.cpp.obj
LOAD CMakeFiles/baseband_shared.dir/__/common/dsp_sos.cpp.obj
LOAD CMakeFiles/baseband_shared.dir/fxpt_atan2.cpp.obj
LOAD CMakeFiles/baseband_shared.dir/rssi.cpp.obj
LOAD CMakeFiles/baseband_shared.dir/rssi_dma.cpp.obj
LOAD CMakeFiles/baseband_shared.dir/rssi_thread.cpp.obj
LOAD CMakeFiles/baseband_shared.dir/audio_compressor.cpp.obj
LOAD CMakeFiles/baseband_shared.dir/audio_output.cpp.obj
LOAD CMakeFiles/baseband_shared.dir/audio_input.cpp.obj
LOAD CMakeFiles/baseband_shared.dir/audio_dma.cpp.obj
LOAD CMakeFiles/baseband_shared.dir/audio_stats_collector.cpp.obj
LOAD CMakeFiles/baseband_shared.dir/__/common/utility.cpp.obj
LOAD CMakeFiles/baseband_shared.dir/__/common/chibios_cpp.cpp.obj
LOAD CMakeFiles/baseband_shared.dir/debug.cpp.obj
LOAD CMakeFiles/baseband_shared.dir/__/common/gcc.cpp.obj
LOAD CMakeFiles/baseband_shared.dir/__/common/performance_counter.cpp.obj
LOAD CMakeFiles/baseband_shared.dir/__/common/random.cpp.obj
LOAD CMakeFiles/baseband_shared.dir/tone_gen.cpp.obj
LOAD /opt/build/armbin/bin/../lib/gcc/arm-none-eabi/9.2.1/../../../../arm-none-eabi/lib/thumb/v7e-m+fp/hard/libstdc++_nano.a
LOAD /opt/build/armbin/bin/../lib/gcc/arm-none-eabi/9.2.1/../../../../arm-none-eabi/lib/thumb/v7e-m+fp/hard/libm.a
START GROUP
LOAD /opt/build/armbin/bin/../lib/gcc/arm-none-eabi/9.2.1/thumb/v7e-m+fp/hard/libgcc.a
LOAD /opt/build/armbin/bin/../lib/gcc/arm-none-eabi/9.2.1/../../../../arm-none-eabi/lib/thumb/v7e-m+fp/hard/libg_nano.a
LOAD /opt/build/armbin/bin/../lib/gcc/arm-none-eabi/9.2.1/../../../../arm-none-eabi/lib/thumb/v7e-m+fp/hard/libc_nano.a
END GROUP
START GROUP
LOAD /opt/build/armbin/bin/../lib/gcc/arm-none-eabi/9.2.1/thumb/v7e-m+fp/hard/libgcc.a
LOAD /opt/build/armbin/bin/../lib/gcc/arm-none-eabi/9.2.1/../../../../arm-none-eabi/lib/thumb/v7e-m+fp/hard/libc_nano.a
END GROUP
OUTPUT(baseband_wifi_aim.elf elf32-littlearm)

.debug_info     0x0000000000000000   0x11f42b
 .debug_info    0x0000000000000000    0x1aca4 CMakeFiles/baseband_wifi_aim.elf.dir/proc_wifi_aim.cpp.obj
 .debug_info    0x000000000001aca4     0xf5aa CMakeFiles/baseband_wifi_aim.elf.dir/__/common/wifi_aim/wifi_aim_phy.cpp.obj
 .debug_info    0x000000000002a24e      0xa97 CMakeFiles/baseband_wifi_aim.elf.dir/__/chibios/os/hal/src/hal.c.obj
 .debug_info    0x000000000002ace5      0xada CMakeFiles/baseband_wifi_aim.elf.dir/__/chibios-portapack/os/hal/platforms/LPC43xx_M4/hal_lld.c.obj
 .debug_info    0x000000000002b7bf      0xe84 CMakeFiles/baseband_wifi_aim.elf.dir/__/chibios-portapack/os/hal/platforms/LPC43xx/lpc43xx.c.obj
 .debug_info    0x000000000002c643      0x330 CMakeFiles/baseband_shared.dir/__/chibios/os/ports/GCC/ARMCMx/crt0.c.obj
 .debug_info    0x000000000002c973      0x7ce CMakeFiles/baseband_shared.dir/__/chibios-portapack/os/ports/GCC/ARMCMx/LPC43xx_M4/vectors.c.obj
 .debug_info    0x000000000002d141      0xd1d CMakeFiles/baseband_shared.dir/__/chibios/os/ports/GCC/ARMCMx/chcore_v7m.c.obj
 .debug_info    0x000000000002de5e      0x9f6 CMakeFiles/baseband_shared.dir/__/chibios/os/ports/common/ARMCMx/nvic.c.obj
 .debug_info    0x000000000002e854      0x8c8 CMakeFiles/baseband_shared.dir/__/chibios/os/kernel/src/chsys.c.obj
 .debug_info    0x000000000002f11c      0xa1f CMakeFiles/baseband_shared.dir/__/chibios/os/kernel/src/chdebug.c.obj
 .debug_info    0x000000000002fb3b      0x788 CMakeFiles/baseband_shared.dir/__/chibios/os/kernel/src/chvt.c.obj
 .debug_info    0x00000000000302c3      0xf40 CMakeFiles/baseband_shared.dir/__/chibios/os/kernel/src/chschd.c.obj
 .debug_info    0x0000000000031203     0x11aa CMakeFiles/baseband_shared.dir/__/chibios/os/kernel/src/chthreads.c.obj
 .debug_info    0x00000000000323ad      0xc91 CMakeFiles/baseband_shared.dir/__/chibios/os/kernel/src/chdynamic.c.obj
 .debug_info    0x000000000003303e      0xeb2 CMakeFiles/baseband_shared.dir/__/chibios/os/kernel/src/chmtx.c.obj
 .debug_info    0x0000000000033ef0     0x14b7 CMakeFiles/baseband_shared.dir/__/chibios/os/kernel/src/chevents.c.obj
 .debug_info    0x00000000000353a7      0x82a CMakeFiles/baseband_shared.dir/__/chibios/os/kernel/src/chmemcore.c.obj
 .debug_info    0x0000000000035bd1      0xa3c CMakeFiles/baseband_shared.dir/__/chibios/os/kernel/src/chheap.c.obj
 .debug_info    0x000000000003660d      0xc43 CMakeFiles/baseband_shared.dir/__/chibios/os/kernel/src/chmempools.c.obj
 .debug_info    0x0000000000037250      0x8c7 CMakeFiles/baseband_shared.dir/__/chibios-portapack/boards/PORTAPACK_BASEBAND/board.c.obj
 .debug_info    0x0000000000037b17    0x14d20 CMakeFiles/baseband_shared.dir/baseband.cpp.obj
 .debug_info    0x000000000004c837    0x134ea CMakeFiles/baseband_shared.dir/__/common/message_queue.cpp.obj
 .debug_info    0x000000000005fd21    0x16618 CMakeFiles/baseband_shared.dir/event_m4.cpp.obj
 .debug_info    0x0000000000076339      0x80a CMakeFiles/baseband_shared.dir/__/common/thread_wait.cpp.obj
 .debug_info    0x0000000000076b43     0xb3d4 CMakeFiles/baseband_shared.dir/__/common/gpdma.cpp.obj
 .debug_info    0x0000000000081f17    0x15d47 CMakeFiles/baseband_shared.dir/baseband_dma.cpp.obj
 .debug_info    0x0000000000097c5e     0xbd6d CMakeFiles/baseband_shared.dir/__/common/baseband_sgpio.cpp.obj
 .debug_info    0x00000000000a39cb    0x13983 CMakeFiles/baseband_shared.dir/__/common/portapack_shared_memory.cpp.obj
 .debug_info    0x00000000000b734e    0x16929 CMakeFiles/baseband_shared.dir/baseband_thread.cpp.obj
 .debug_info    0x00000000000cdc77     0xb169 CMakeFiles/baseband_shared.dir/rssi.cpp.obj
 .debug_info    0x00000000000d8de0     0xf370 CMakeFiles/baseband_shared.dir/rssi_dma.cpp.obj
 .debug_info    0x00000000000e8150    0x149c5 CMakeFiles/baseband_shared.dir/rssi_thread.cpp.obj
 .debug_info    0x00000000000fcb15     0xd03f CMakeFiles/baseband_shared.dir/audio_dma.cpp.obj
 .debug_info    0x0000000000109b54      0xccc CMakeFiles/baseband_shared.dir/__/common/chibios_cpp.cpp.obj
 .debug_info    0x000000000010a820    0x13dcb CMakeFiles/baseband_shared.dir/debug.cpp.obj
 .debug_info    0x000000000011e5eb      0x70c CMakeFiles/baseband_shared.dir/__/common/gcc.cpp.obj
 .debug_info    0x000000000011ecf7      0x734 CMakeFiles/baseband_shared.dir/__/common/performance_counter.cpp.obj

.debug_abbrev   0x0000000000000000    0x112f2
 .debug_abbrev  0x0000000000000000     0x12c6 CMakeFiles/baseband_wifi_aim.elf.dir/proc_wifi_aim.cpp.obj
 .debug_abbrev  0x00000000000012c6      0xd85 CMakeFiles/baseband_wifi_aim.elf.dir/__/common/wifi_aim/wifi_aim_phy.cpp.obj
 .debug_abbrev  0x000000000000204b      0x2b4 CMakeFiles/baseband_wifi_aim.elf.dir/__/chibios/os/hal/src/hal.c.obj
 .debug_abbrev  0x00000000000022ff      0x29b CMakeFiles/baseband_wifi_aim.elf.dir/__/chibios-portapack/os/hal/platforms/LPC43xx_M4/hal_lld.c.obj
 .debug_abbrev  0x000000000000259a      0x29f CMakeFiles/baseband_wifi_aim.elf.dir/__/chibios-portapack/os/hal/platforms/LPC43xx/lpc43xx.c.obj
 .debug_abbrev  0x0000000000002839      0x145 CMakeFiles/baseband_shared.dir/__/chibios/os/ports/GCC/ARMCMx/crt0.c.obj
 .debug_abbrev  0x000000000000297e      0x19e CMakeFiles/baseband_shared.dir/__/chibios-portapack/os/ports/GCC/ARMCMx/LPC43xx_M4/vectors.c.obj
 .debug_abbrev  0x0000000000002b1c      0x2a5 CMakeFiles/baseband_shared.dir/__/chibios/os/ports/GCC/ARMCMx/chcore_v7m.c.obj
 .debug_abbrev  0x0000000000002dc1      0x1d8 CMakeFiles/baseband_shared.dir/__/chibios/os/ports/common/ARMCMx/nvic.c.obj
 .debug_abbrev  0x0000000000002f99      0x23a CMakeFiles/baseband_shared.dir/__/chibios/os/kernel/src/chsys.c.obj
 .debug_abbrev  0x00000000000031d3      0x20f CMakeFiles/baseband_shared.dir/__/chibios/os/kernel/src/chdebug.c.obj
 .debug_abbrev  0x00000000000033e2      0x1e6 CMakeFiles/baseband_shared.dir/__/chibios/os/kernel/src/chvt.c.obj
 .debug_abbrev  0x00000000000035c8      0x3f8 CMakeFiles/baseband_shared.dir/__/chibios/os/kernel/src/chschd.c.obj
 .debug_abbrev  0x00000000000039c0      0x3db CMakeFiles/baseband_shared.dir/__/chibios/os/kernel/src/chthreads.c.obj
 .debug_abbrev  0x0000000000003d9b      0x293 CMakeFiles/baseband_shared.dir/__/chibios/os/kernel/src/chdynamic.c.obj
 .debug_abbrev  0x000000000000402e      0x341 CMakeFiles/baseband_shared.dir/__/chibios/os/kernel/src/chmtx.c.obj
 .debug_abbrev  0x000000000000436f      0x36f CMakeFiles/baseband_shared.dir/__/chibios/os/kernel/src/chevents.c.obj
 .debug_abbrev  0x00000000000046de      0x27a CMakeFiles/baseband_shared.dir/__/chibios/os/kernel/src/chmemcore.c.obj
 .debug_abbrev  0x0000000000004958      0x264 CMakeFiles/baseband_shared.dir/__/chibios/os/kernel/src/chheap.c.obj
 .debug_abbrev  0x0000000000004bbc      0x31a CMakeFiles/baseband_shared.dir/__/chibios/os/kernel/src/chmempools.c.obj
 .debug_abbrev  0x0000000000004ed6      0x196 CMakeFiles/baseband_shared.dir/__/chibios-portapack/boards/PORTAPACK_BASEBAND/board.c.obj
 .debug_abbrev  0x000000000000506c      0xf29 CMakeFiles/baseband_shared.dir/baseband.cpp.obj
 .debug_abbrev  0x0000000000005f95      0xcf0 CMakeFiles/baseband_shared.dir/__/common/message_queue.cpp.obj
 .debug_abbrev  0x0000000000006c85     0x1165 CMakeFiles/baseband_shared.dir/event_m4.cpp.obj
 .debug_abbrev  0x0000000000007dea      0x20d CMakeFiles/baseband_shared.dir/__/common/thread_wait.cpp.obj
 .debug_abbrev  0x0000000000007ff7      0xbdf CMakeFiles/baseband_shared.dir/__/common/gpdma.cpp.obj
 .debug_abbrev  0x0000000000008bd6      0xf9d CMakeFiles/baseband_shared.dir/baseband_dma.cpp.obj
 .debug_abbrev  0x0000000000009b73      0xb0a CMakeFiles/baseband_shared.dir/__/common/baseband_sgpio.cpp.obj
 .debug_abbrev  0x000000000000a67d      0xcbb CMakeFiles/baseband_shared.dir/__/common/portapack_shared_memory.cpp.obj
 .debug_abbrev  0x000000000000b338     0x126b CMakeFiles/baseband_shared.dir/baseband_thread.cpp.obj
 .debug_abbrev  0x000000000000c5a3      0xb0a CMakeFiles/baseband_shared.dir/rssi.cpp.obj
 .debug_abbrev  0x000000000000d0ad      0xf85 CMakeFiles/baseband_shared.dir/rssi_dma.cpp.obj
 .debug_abbrev  0x000000000000e032     0x10c0 CMakeFiles/baseband_shared.dir/rssi_thread.cpp.obj
 .debug_abbrev  0x000000000000f0f2      0xd0b CMakeFiles/baseband_shared.dir/audio_dma.cpp.obj
 .debug_abbrev  0x000000000000fdfd      0x35e CMakeFiles/baseband_shared.dir/__/common/chibios_cpp.cpp.obj
 .debug_abbrev  0x000000000001015b      0xe37 CMakeFiles/baseband_shared.dir/debug.cpp.obj
 .debug_abbrev  0x0000000000010f92      0x1d2 CMakeFiles/baseband_shared.dir/__/common/gcc.cpp.obj
 .debug_abbrev  0x0000000000011164      0x18e CMakeFiles/baseband_shared.dir/__/common/performance_counter.cpp.obj

.debug_loc      0x0000000000000000     0xbc5f
 .debug_loc     0x0000000000000000      0xba2 CMakeFiles/baseband_wifi_aim.elf.dir/proc_wifi_aim.cpp.obj
 .debug_loc     0x0000000000000ba2     0x3173 CMakeFiles/baseband_wifi_aim.elf.dir/__/common/wifi_aim/wifi_aim_phy.cpp.obj
 .debug_loc     0x0000000000003d15      0x114 CMakeFiles/baseband_wifi_aim.elf.dir/__/chibios/os/hal/src/hal.c.obj
 .debug_loc     0x0000000000003e29       0x15 CMakeFiles/baseband_wifi_aim.elf.dir/__/chibios-portapack/os/hal/platforms/LPC43xx_M4/hal_lld.c.obj
 .debug_loc     0x0000000000003e3e       0xed CMakeFiles/baseband_wifi_aim.elf.dir/__/chibios-portapack/os/hal/platforms/LPC43xx/lpc43xx.c.obj
 .debug_loc     0x0000000000003f2b       0x86 CMakeFiles/baseband_shared.dir/__/chibios/os/ports/GCC/ARMCMx/crt0.c.obj
 .debug_loc     0x0000000000003fb1       0xb6 CMakeFiles/baseband_shared.dir/__/chibios/os/ports/GCC/ARMCMx/chcore_v7m.c.obj
 .debug_loc     0x0000000000004067      0x15a CMakeFiles/baseband_shared.dir/__/chibios/os/ports/common/ARMCMx/nvic.c.obj
 .debug_loc     0x00000000000041c1       0x3f CMakeFiles/baseband_shared.dir/__/chibios/os/kernel/src/chsys.c.obj
 .debug_loc     0x0000000000004200       0xc1 CMakeFiles/baseband_shared.dir/__/chibios/os/kernel/src/chdebug.c.obj
 .debug_loc     0x00000000000042c1       0xcc CMakeFiles/baseband_shared.dir/__/chibios/os/kernel/src/chvt.c.obj
 .debug_loc     0x000000000000438d      0x561 CMakeFiles/baseband_shared.dir/__/chibios/os/kernel/src/chschd.c.obj
 .debug_loc     0x00000000000048ee      0x6c9 CMakeFiles/baseband_shared.dir/__/chibios/os/kernel/src/chthreads.c.obj
 .debug_loc     0x0000000000004fb7      0x2dd CMakeFiles/baseband_shared.dir/__/chibios/os/kernel/src/chdynamic.c.obj
 .debug_loc     0x0000000000005294      0x478 CMakeFiles/baseband_shared.dir/__/chibios/os/kernel/src/chmtx.c.obj
 .debug_loc     0x000000000000570c      0xa19 CMakeFiles/baseband_shared.dir/__/chibios/os/kernel/src/chevents.c.obj
 .debug_loc     0x0000000000006125      0x108 CMakeFiles/baseband_shared.dir/__/chibios/os/kernel/src/chmemcore.c.obj
 .debug_loc     0x000000000000622d      0x4c4 CMakeFiles/baseband_shared.dir/__/chibios/os/kernel/src/chheap.c.obj
 .debug_loc     0x00000000000066f1      0x53e CMakeFiles/baseband_shared.dir/__/chibios/os/kernel/src/chmempools.c.obj
 .debug_loc     0x0000000000006c2f      0x404 CMakeFiles/baseband_shared.dir/baseband.cpp.obj
 .debug_loc     0x0000000000007033      0xb83 CMakeFiles/baseband_shared.dir/event_m4.cpp.obj
 .debug_loc     0x0000000000007bb6       0xaa CMakeFiles/baseband_shared.dir/__/common/thread_wait.cpp.obj
 .debug_loc     0x0000000000007c60      0x209 CMakeFiles/baseband_shared.dir/__/common/gpdma.cpp.obj
 .debug_loc     0x0000000000007e69      0xb53 CMakeFiles/baseband_shared.dir/baseband_dma.cpp.obj
 .debug_loc     0x00000000000089bc      0x20b CMakeFiles/baseband_shared.dir/__/common/baseband_sgpio.cpp.obj
 .debug_loc     0x0000000000008bc7      0x7b2 CMakeFiles/baseband_shared.dir/baseband_thread.cpp.obj
 .debug_loc     0x0000000000009379       0x5f CMakeFiles/baseband_shared.dir/rssi.cpp.obj
 .debug_loc     0x00000000000093d8      0x966 CMakeFiles/baseband_shared.dir/rssi_dma.cpp.obj
 .debug_loc     0x0000000000009d3e      0xaf1 CMakeFiles/baseband_shared.dir/rssi_thread.cpp.obj
 .debug_loc     0x000000000000a82f     0x109d CMakeFiles/baseband_shared.dir/audio_dma.cpp.obj
 .debug_loc     0x000000000000b8cc       0xf2 CMakeFiles/baseband_shared.dir/__/common/chibios_cpp.cpp.obj
 .debug_loc     0x000000000000b9be      0x190 CMakeFiles/baseband_shared.dir/debug.cpp.obj
 .debug_loc     0x000000000000bb4e      0x111 CMakeFiles/baseband_shared.dir/__/common/performance_counter.cpp.obj

.debug_aranges  0x0000000000000000      0xab8
 .debug_aranges
                0x0000000000000000       0x78 CMakeFiles/baseband_wifi_aim.elf.dir/proc_wifi_aim.cpp.obj
 .debug_aranges
                0x0000000000000078       0xa0 CMakeFiles/baseband_wifi_aim.elf.dir/__/common/wifi_aim/wifi_aim_phy.cpp.obj
 .debug_aranges
                0x0000000000000118       0x30 CMakeFiles/baseband_wifi_aim.elf.dir/__/chibios/os/hal/src/hal.c.obj
 .debug_aranges
                0x0000000000000148       0x40 CMakeFiles/baseband_wifi_aim.elf.dir/__/chibios-portapack/os/hal/platforms/LPC43xx_M4/hal_lld.c.obj
 .debug_aranges
                0x0000000000000188       0x50 CMakeFiles/baseband_wifi_aim.elf.dir/__/chibios-portapack/os/hal/platforms/LPC43xx/lpc43xx.c.obj
 .debug_aranges
                0x00000000000001d8       0x30 CMakeFiles/baseband_shared.dir/__/chibios/os/ports/GCC/ARMCMx/crt0.c.obj
 .debug_aranges
                0x0000000000000208       0x20 CMakeFiles/baseband_shared.dir/__/chibios-portapack/os/ports/GCC/ARMCMx/LPC43xx_M4/vectors.c.obj
 .debug_aranges
                0x0000000000000228       0x50 CMakeFiles/baseband_shared.dir/__/chibios/os/ports/GCC/ARMCMx/chcore_v7m.c.obj
 .debug_aranges
                0x0000000000000278       0x30 CMakeFiles/baseband_shared.dir/__/chibios/os/ports/common/ARMCMx/nvic.c.obj
 .debug_aranges
                0x00000000000002a8       0x30 CMakeFiles/baseband_shared.dir/__/chibios/os/kernel/src/chsys.c.obj
 .debug_aranges
                0x00000000000002d8       0x78 CMakeFiles/baseband_shared.dir/__/chibios/os/kernel/src/chdebug.c.obj
 .debug_aranges
                0x0000000000000350       0x30 CMakeFiles/baseband_shared.dir/__/chibios/os/kernel/src/chvt.c.obj
 .debug_aranges
                0x0000000000000380       0x68 CMakeFiles/baseband_shared.dir/__/chibios/os/kernel/src/chschd.c.obj
 .debug_aranges
                0x00000000000003e8       0x80 CMakeFiles/baseband_shared.dir/__/chibios/os/kernel/src/chthreads.c.obj
 .debug_aranges
                0x0000000000000468       0x38 CMakeFiles/baseband_shared.dir/__/chibios/os/kernel/src/chdynamic.c.obj
 .debug_aranges
                0x00000000000004a0       0x58 CMakeFiles/baseband_shared.dir/__/chibios/os/kernel/src/chmtx.c.obj
 .debug_aranges
                0x00000000000004f8       0xa0 CMakeFiles/baseband_shared.dir/__/chibios/os/kernel/src/chevents.c.obj
 .debug_aranges
                0x0000000000000598       0x38 CMakeFiles/baseband_shared.dir/__/chibios/os/kernel/src/chmemcore.c.obj
 .debug_aranges
                0x00000000000005d0       0x40 CMakeFiles/baseband_shared.dir/__/chibios/os/kernel/src/chheap.c.obj
 .debug_aranges
                0x0000000000000610       0x48 CMakeFiles/baseband_shared.dir/__/chibios/os/kernel/src/chmempools.c.obj
 .debug_aranges
                0x0000000000000658       0x20 CMakeFiles/baseband_shared.dir/__/chibios-portapack/boards/PORTAPACK_BASEBAND/board.c.obj
 .debug_aranges
                0x0000000000000678       0x28 CMakeFiles/baseband_shared.dir/baseband.cpp.obj
 .debug_aranges
                0x00000000000006a0       0x20 CMakeFiles/baseband_shared.dir/__/common/message_queue.cpp.obj
 .debug_aranges
                0x00000000000006c0       0x78 CMakeFiles/baseband_shared.dir/event_m4.cpp.obj
 .debug_aranges
                0x0000000000000738       0x28 CMakeFiles/baseband_shared.dir/__/common/thread_wait.cpp.obj
 .debug_aranges
                0x0000000000000760       0x30 CMakeFiles/baseband_shared.dir/__/common/gpdma.cpp.obj
 .debug_aranges
                0x0000000000000790       0x58 CMakeFiles/baseband_shared.dir/baseband_dma.cpp.obj
 .debug_aranges
                0x00000000000007e8       0x28 CMakeFiles/baseband_shared.dir/__/common/baseband_sgpio.cpp.obj
 .debug_aranges
                0x0000000000000810       0x18 CMakeFiles/baseband_shared.dir/__/common/portapack_shared_memory.cpp.obj
 .debug_aranges
                0x0000000000000828       0x50 CMakeFiles/baseband_shared.dir/baseband_thread.cpp.obj
 .debug_aranges
                0x0000000000000878       0x38 CMakeFiles/baseband_shared.dir/rssi.cpp.obj
 .debug_aranges
                0x00000000000008b0       0x78 CMakeFiles/baseband_shared.dir/rssi_dma.cpp.obj
 .debug_aranges
                0x0000000000000928       0x48 CMakeFiles/baseband_shared.dir/rssi_thread.cpp.obj
 .debug_aranges
                0x0000000000000970       0x68 CMakeFiles/baseband_shared.dir/audio_dma.cpp.obj
 .debug_aranges
                0x00000000000009d8       0x40 CMakeFiles/baseband_shared.dir/__/common/chibios_cpp.cpp.obj
 .debug_aranges
                0x0000000000000a18       0x50 CMakeFiles/baseband_shared.dir/debug.cpp.obj
 .debug_aranges
                0x0000000000000a68       0x30 CMakeFiles/baseband_shared.dir/__/common/gcc.cpp.obj
 .debug_aranges
                0x0000000000000a98       0x20 CMakeFiles/baseband_shared.dir/__/common/performance_counter.cpp.obj

.debug_ranges   0x0000000000000000     0x2f60
 .debug_ranges  0x0000000000000000      0x308 CMakeFiles/baseband_wifi_aim.elf.dir/proc_wifi_aim.cpp.obj
 .debug_ranges  0x0000000000000308      0x6a0 CMakeFiles/baseband_wifi_aim.elf.dir/__/common/wifi_aim/wifi_aim_phy.cpp.obj
 .debug_ranges  0x00000000000009a8       0x40 CMakeFiles/baseband_wifi_aim.elf.dir/__/chibios/os/hal/src/hal.c.obj
 .debug_ranges  0x00000000000009e8       0x50 CMakeFiles/baseband_wifi_aim.elf.dir/__/chibios-portapack/os/hal/platforms/LPC43xx_M4/hal_lld.c.obj
 .debug_ranges  0x0000000000000a38       0x40 CMakeFiles/baseband_wifi_aim.elf.dir/__/chibios-portapack/os/hal/platforms/LPC43xx/lpc43xx.c.obj
 .debug_ranges  0x0000000000000a78       0x50 CMakeFiles/baseband_shared.dir/__/chibios/os/ports/GCC/ARMCMx/crt0.c.obj
 .debug_ranges  0x0000000000000ac8       0x10 CMakeFiles/baseband_shared.dir/__/chibios-portapack/os/ports/GCC/ARMCMx/LPC43xx_M4/vectors.c.obj
 .debug_ranges  0x0000000000000ad8       0x58 CMakeFiles/baseband_shared.dir/__/chibios/os/ports/GCC/ARMCMx/chcore_v7m.c.obj
 .debug_ranges  0x0000000000000b30       0x20 CMakeFiles/baseband_shared.dir/__/chibios/os/ports/common/ARMCMx/nvic.c.obj
 .debug_ranges  0x0000000000000b50       0x50 CMakeFiles/baseband_shared.dir/__/chibios/os/kernel/src/chsys.c.obj
 .debug_ranges  0x0000000000000ba0       0x98 CMakeFiles/baseband_shared.dir/__/chibios/os/kernel/src/chdebug.c.obj
 .debug_ranges  0x0000000000000c38       0x20 CMakeFiles/baseband_shared.dir/__/chibios/os/kernel/src/chvt.c.obj
 .debug_ranges  0x0000000000000c58      0x348 CMakeFiles/baseband_shared.dir/__/chibios/os/kernel/src/chschd.c.obj
 .debug_ranges  0x0000000000000fa0      0x1e8 CMakeFiles/baseband_shared.dir/__/chibios/os/kernel/src/chthreads.c.obj
 .debug_ranges  0x0000000000001188       0x60 CMakeFiles/baseband_shared.dir/__/chibios/os/kernel/src/chdynamic.c.obj
 .debug_ranges  0x00000000000011e8      0x210 CMakeFiles/baseband_shared.dir/__/chibios/os/kernel/src/chmtx.c.obj
 .debug_ranges  0x00000000000013f8      0x278 CMakeFiles/baseband_shared.dir/__/chibios/os/kernel/src/chevents.c.obj
 .debug_ranges  0x0000000000001670       0x40 CMakeFiles/baseband_shared.dir/__/chibios/os/kernel/src/chmemcore.c.obj
 .debug_ranges  0x00000000000016b0       0x30 CMakeFiles/baseband_shared.dir/__/chibios/os/kernel/src/chheap.c.obj
 .debug_ranges  0x00000000000016e0      0x168 CMakeFiles/baseband_shared.dir/__/chibios/os/kernel/src/chmempools.c.obj
 .debug_ranges  0x0000000000001848       0x10 CMakeFiles/baseband_shared.dir/__/chibios-portapack/boards/PORTAPACK_BASEBAND/board.c.obj
 .debug_ranges  0x0000000000001858       0xf8 CMakeFiles/baseband_shared.dir/baseband.cpp.obj
 .debug_ranges  0x0000000000001950       0x28 CMakeFiles/baseband_shared.dir/__/common/message_queue.cpp.obj
 .debug_ranges  0x0000000000001978      0x3a8 CMakeFiles/baseband_shared.dir/event_m4.cpp.obj
 .debug_ranges  0x0000000000001d20       0x38 CMakeFiles/baseband_shared.dir/__/common/thread_wait.cpp.obj
 .debug_ranges  0x0000000000001d58       0x88 CMakeFiles/baseband_shared.dir/__/common/gpdma.cpp.obj
 .debug_ranges  0x0000000000001de0      0x388 CMakeFiles/baseband_shared.dir/baseband_dma.cpp.obj
 .debug_ranges  0x0000000000002168      0x140 CMakeFiles/baseband_shared.dir/__/common/baseband_sgpio.cpp.obj
 .debug_ranges  0x00000000000022a8      0x1a8 CMakeFiles/baseband_shared.dir/baseband_thread.cpp.obj
 .debug_ranges  0x0000000000002450       0xa8 CMakeFiles/baseband_shared.dir/rssi.cpp.obj
 .debug_ranges  0x00000000000024f8      0x240 CMakeFiles/baseband_shared.dir/rssi_dma.cpp.obj
 .debug_ranges  0x0000000000002738      0x248 CMakeFiles/baseband_shared.dir/rssi_thread.cpp.obj
 .debug_ranges  0x0000000000002980      0x4d0 CMakeFiles/baseband_shared.dir/audio_dma.cpp.obj
 .debug_ranges  0x0000000000002e50       0x48 CMakeFiles/baseband_shared.dir/__/common/chibios_cpp.cpp.obj
 .debug_ranges  0x0000000000002e98       0x98 CMakeFiles/baseband_shared.dir/debug.cpp.obj
 .debug_ranges  0x0000000000002f30       0x20 CMakeFiles/baseband_shared.dir/__/common/gcc.cpp.obj
 .debug_ranges  0x0000000000002f50       0x10 CMakeFiles/baseband_shared.dir/__/common/performance_counter.cpp.obj

.debug_line     0x0000000000000000    0x12d8c
 .debug_line    0x0000000000000000     0x120d CMakeFiles/baseband_wifi_aim.elf.dir/proc_wifi_aim.cpp.obj
 .debug_line    0x000000000000120d     0x1c94 CMakeFiles/baseband_wifi_aim.elf.dir/__/common/wifi_aim/wifi_aim_phy.cpp.obj
 .debug_line    0x0000000000002ea1      0x3ca CMakeFiles/baseband_wifi_aim.elf.dir/__/chibios/os/hal/src/hal.c.obj
 .debug_line    0x000000000000326b      0x37b CMakeFiles/baseband_wifi_aim.elf.dir/__/chibios-portapack/os/hal/platforms/LPC43xx_M4/hal_lld.c.obj
 .debug_line    0x00000000000035e6      0x494 CMakeFiles/baseband_wifi_aim.elf.dir/__/chibios-portapack/os/hal/platforms/LPC43xx/lpc43xx.c.obj
 .debug_line    0x0000000000003a7a      0x1d7 CMakeFiles/baseband_shared.dir/__/chibios/os/ports/GCC/ARMCMx/crt0.c.obj
 .debug_line    0x0000000000003c51      0x1c2 CMakeFiles/baseband_shared.dir/__/chibios-portapack/os/ports/GCC/ARMCMx/LPC43xx_M4/vectors.c.obj
 .debug_line    0x0000000000003e13      0x39d CMakeFiles/baseband_shared.dir/__/chibios/os/ports/GCC/ARMCMx/chcore_v7m.c.obj
 .debug_line    0x00000000000041b0      0x27a CMakeFiles/baseband_shared.dir/__/chibios/os/ports/common/ARMCMx/nvic.c.obj
 .debug_line    0x000000000000442a      0x2fb CMakeFiles/baseband_shared.dir/__/chibios/os/kernel/src/chsys.c.obj
 .debug_line    0x0000000000004725      0x506 CMakeFiles/baseband_shared.dir/__/chibios/os/kernel/src/chdebug.c.obj
 .debug_line    0x0000000000004c2b      0x2f3 CMakeFiles/baseband_shared.dir/__/chibios/os/kernel/src/chvt.c.obj
 .debug_line    0x0000000000004f1e      0x8e4 CMakeFiles/baseband_shared.dir/__/chibios/os/kernel/src/chschd.c.obj
 .debug_line    0x0000000000005802      0x903 CMakeFiles/baseband_shared.dir/__/chibios/os/kernel/src/chthreads.c.obj
 .debug_line    0x0000000000006105      0x401 CMakeFiles/baseband_shared.dir/__/chibios/os/kernel/src/chdynamic.c.obj
 .debug_line    0x0000000000006506      0x88f CMakeFiles/baseband_shared.dir/__/chibios/os/kernel/src/chmtx.c.obj
 .debug_line    0x0000000000006d95      0xaeb CMakeFiles/baseband_shared.dir/__/chibios/os/kernel/src/chevents.c.obj
 .debug_line    0x0000000000007880      0x2e3 CMakeFiles/baseband_shared.dir/__/chibios/os/kernel/src/chmemcore.c.obj
 .debug_line    0x0000000000007b63      0x55e CMakeFiles/baseband_shared.dir/__/chibios/os/kernel/src/chheap.c.obj
 .debug_line    0x00000000000080c1      0x595 CMakeFiles/baseband_shared.dir/__/chibios/os/kernel/src/chmempools.c.obj
 .debug_line    0x0000000000008656      0x25c CMakeFiles/baseband_shared.dir/__/chibios-portapack/boards/PORTAPACK_BASEBAND/board.c.obj
 .debug_line    0x00000000000088b2      0xbdc CMakeFiles/baseband_shared.dir/baseband.cpp.obj
 .debug_line    0x000000000000948e      0x8cf CMakeFiles/baseband_shared.dir/__/common/message_queue.cpp.obj
 .debug_line    0x0000000000009d5d      0xfd6 CMakeFiles/baseband_shared.dir/event_m4.cpp.obj
 .debug_line    0x000000000000ad33      0x23e CMakeFiles/baseband_shared.dir/__/common/thread_wait.cpp.obj
 .debug_line    0x000000000000af71      0x844 CMakeFiles/baseband_shared.dir/__/common/gpdma.cpp.obj
 .debug_line    0x000000000000b7b5      0xf52 CMakeFiles/baseband_shared.dir/baseband_dma.cpp.obj
 .debug_line    0x000000000000c707      0x9c5 CMakeFiles/baseband_shared.dir/__/common/baseband_sgpio.cpp.obj
 .debug_line    0x000000000000d0cc      0x8c3 CMakeFiles/baseband_shared.dir/__/common/portapack_shared_memory.cpp.obj
 .debug_line    0x000000000000d98f      0xd76 CMakeFiles/baseband_shared.dir/baseband_thread.cpp.obj
 .debug_line    0x000000000000e705      0x807 CMakeFiles/baseband_shared.dir/rssi.cpp.obj
 .debug_line    0x000000000000ef0c      0xd35 CMakeFiles/baseband_shared.dir/rssi_dma.cpp.obj
 .debug_line    0x000000000000fc41      0xcf9 CMakeFiles/baseband_shared.dir/rssi_thread.cpp.obj
 .debug_line    0x000000000001093a     0x108e CMakeFiles/baseband_shared.dir/audio_dma.cpp.obj
 .debug_line    0x00000000000119c8      0x3c6 CMakeFiles/baseband_shared.dir/__/common/chibios_cpp.cpp.obj
 .debug_line    0x0000000000011d8e      0xbf1 CMakeFiles/baseband_shared.dir/debug.cpp.obj
 .debug_line    0x000000000001297f      0x1e9 CMakeFiles/baseband_shared.dir/__/common/gcc.cpp.obj
 .debug_line    0x0000000000012b68      0x224 CMakeFiles/baseband_shared.dir/__/common/performance_counter.cpp.obj

.debug_str      0x0000000000000000    0x2c9be
 .debug_str     0x0000000000000000    0x1dc99 CMakeFiles/baseband_wifi_aim.elf.dir/proc_wifi_aim.cpp.obj
                                      0x1e492 (size before relaxing)
 .debug_str     0x000000000001dc99      0xa27 CMakeFiles/baseband_wifi_aim.elf.dir/__/common/wifi_aim/wifi_aim_phy.cpp.obj
                                       0xf64b (size before relaxing)
 .debug_str     0x000000000001e6c0      0x1f6 CMakeFiles/baseband_wifi_aim.elf.dir/__/chibios/os/hal/src/hal.c.obj
                                        0x67d (size before relaxing)
 .debug_str     0x000000000001e8b6      0x102 CMakeFiles/baseband_wifi_aim.elf.dir/__/chibios-portapack/os/hal/platforms/LPC43xx_M4/hal_lld.c.obj
                                        0x6fc (size before relaxing)
 .debug_str     0x000000000001e9b8      0x43d CMakeFiles/baseband_wifi_aim.elf.dir/__/chibios-portapack/os/hal/platforms/LPC43xx/lpc43xx.c.obj
                                        0xa65 (size before relaxing)
 .debug_str     0x000000000001edf5      0x139 CMakeFiles/baseband_shared.dir/__/chibios/os/ports/GCC/ARMCMx/crt0.c.obj
                                        0x367 (size before relaxing)
 .debug_str     0x000000000001ef2e      0x15e CMakeFiles/baseband_shared.dir/__/chibios-portapack/os/ports/GCC/ARMCMx/LPC43xx_M4/vectors.c.obj
                                        0x5c2 (size before relaxing)
 .debug_str     0x000000000001f08c      0x206 CMakeFiles/baseband_shared.dir/__/chibios/os/ports/GCC/ARMCMx/chcore_v7m.c.obj
                                        0x65e (size before relaxing)